Archive member included to satisfy reference by file (symbol)

c:/st/stm32cubeide_1.4.0/stm32cubeide/plugins/com.st.stm32cube.ide.mcu.externaltools.gnu-tools-for-stm32.7-2018-q2-update.win32_1.4.0.202007081208/tools/bin/../lib/gcc/arm-none-eabi/7.3.1/../../../../arm-none-eabi/lib/thumb/v7-m\libc_nano.a(lib_a-errno.o)
                              Core/Src/syscalls.o (__errno)
c:/st/stm32cubeide_1.4.0/stm32cubeide/plugins/com.st.stm32cube.ide.mcu.externaltools.gnu-tools-for-stm32.7-2018-q2-update.win32_1.4.0.202007081208/tools/bin/../lib/gcc/arm-none-eabi/7.3.1/../../../../arm-none-eabi/lib/thumb/v7-m\libc_nano.a(lib_a-exit.o)
                              c:/st/stm32cubeide_1.4.0/stm32cubeide/plugins/com.st.stm32cube.ide.mcu.externaltools.gnu-tools-for-stm32.7-2018-q2-update.win32_1.4.0.202007081208/tools/bin/../lib/gcc/arm-none-eabi/7.3.1/../../../../arm-none-eabi/lib/thumb/v7-m/crt0.o (exit)
c:/st/stm32cubeide_1.4.0/stm32cubeide/plugins/com.st.stm32cube.ide.mcu.externaltools.gnu-tools-for-stm32.7-2018-q2-update.win32_1.4.0.202007081208/tools/bin/../lib/gcc/arm-none-eabi/7.3.1/../../../../arm-none-eabi/lib/thumb/v7-m\libc_nano.a(lib_a-impure.o)
                              c:/st/stm32cubeide_1.4.0/stm32cubeide/plugins/com.st.stm32cube.ide.mcu.externaltools.gnu-tools-for-stm32.7-2018-q2-update.win32_1.4.0.202007081208/tools/bin/../lib/gcc/arm-none-eabi/7.3.1/../../../../arm-none-eabi/lib/thumb/v7-m\libc_nano.a(lib_a-exit.o) (_global_impure_ptr)
c:/st/stm32cubeide_1.4.0/stm32cubeide/plugins/com.st.stm32cube.ide.mcu.externaltools.gnu-tools-for-stm32.7-2018-q2-update.win32_1.4.0.202007081208/tools/bin/../lib/gcc/arm-none-eabi/7.3.1/../../../../arm-none-eabi/lib/thumb/v7-m\libc_nano.a(lib_a-init.o)
                              c:/st/stm32cubeide_1.4.0/stm32cubeide/plugins/com.st.stm32cube.ide.mcu.externaltools.gnu-tools-for-stm32.7-2018-q2-update.win32_1.4.0.202007081208/tools/bin/../lib/gcc/arm-none-eabi/7.3.1/../../../../arm-none-eabi/lib/thumb/v7-m/crt0.o (__libc_init_array)
c:/st/stm32cubeide_1.4.0/stm32cubeide/plugins/com.st.stm32cube.ide.mcu.externaltools.gnu-tools-for-stm32.7-2018-q2-update.win32_1.4.0.202007081208/tools/bin/../lib/gcc/arm-none-eabi/7.3.1/../../../../arm-none-eabi/lib/thumb/v7-m\libc_nano.a(lib_a-memset.o)
                              c:/st/stm32cubeide_1.4.0/stm32cubeide/plugins/com.st.stm32cube.ide.mcu.externaltools.gnu-tools-for-stm32.7-2018-q2-update.win32_1.4.0.202007081208/tools/bin/../lib/gcc/arm-none-eabi/7.3.1/../../../../arm-none-eabi/lib/thumb/v7-m/crt0.o (memset)

Allocating common symbols
Common symbol       size              file

hUsbDeviceFS        0x2c4             USB_DEVICE/App/usb_device.o
uwTick              0x4               Drivers/STM32F1xx_HAL_Driver/Src/stm32f1xx_hal.o
pFlash              0x20              Drivers/STM32F1xx_HAL_Driver/Src/stm32f1xx_hal_flash.o
UserRxBufferFS      0x3e8             USB_DEVICE/App/usbd_cdc_if.o
huart1              0x40              Core/Src/main.o
UserTxBufferFS      0x3e8             USB_DEVICE/App/usbd_cdc_if.o
strDat              0x4               Core/Src/main.o
hpcd_USB_FS         0x2ec             USB_DEVICE/Target/usbd_conf.o
USBD_StrDesc        0x200             USB_DEVICE/App/usbd_desc.o

Discarded input sections

 .text          0x0000000000000000        0x0 c:/st/stm32cubeide_1.4.0/stm32cubeide/plugins/com.st.stm32cube.ide.mcu.externaltools.gnu-tools-for-stm32.7-2018-q2-update.win32_1.4.0.202007081208/tools/bin/../lib/gcc/arm-none-eabi/7.3.1/thumb/v7-m/crti.o
 .data          0x0000000000000000        0x0 c:/st/stm32cubeide_1.4.0/stm32cubeide/plugins/com.st.stm32cube.ide.mcu.externaltools.gnu-tools-for-stm32.7-2018-q2-update.win32_1.4.0.202007081208/tools/bin/../lib/gcc/arm-none-eabi/7.3.1/thumb/v7-m/crti.o
 .bss           0x0000000000000000        0x0 c:/st/stm32cubeide_1.4.0/stm32cubeide/plugins/com.st.stm32cube.ide.mcu.externaltools.gnu-tools-for-stm32.7-2018-q2-update.win32_1.4.0.202007081208/tools/bin/../lib/gcc/arm-none-eabi/7.3.1/thumb/v7-m/crti.o
 .data          0x0000000000000000        0x4 c:/st/stm32cubeide_1.4.0/stm32cubeide/plugins/com.st.stm32cube.ide.mcu.externaltools.gnu-tools-for-stm32.7-2018-q2-update.win32_1.4.0.202007081208/tools/bin/../lib/gcc/arm-none-eabi/7.3.1/thumb/v7-m/crtbegin.o
 .text          0x0000000000000000       0x74 c:/st/stm32cubeide_1.4.0/stm32cubeide/plugins/com.st.stm32cube.ide.mcu.externaltools.gnu-tools-for-stm32.7-2018-q2-update.win32_1.4.0.202007081208/tools/bin/../lib/gcc/arm-none-eabi/7.3.1/../../../../arm-none-eabi/lib/thumb/v7-m/crt0.o
 .data          0x0000000000000000        0x0 c:/st/stm32cubeide_1.4.0/stm32cubeide/plugins/com.st.stm32cube.ide.mcu.externaltools.gnu-tools-for-stm32.7-2018-q2-update.win32_1.4.0.202007081208/tools/bin/../lib/gcc/arm-none-eabi/7.3.1/../../../../arm-none-eabi/lib/thumb/v7-m/crt0.o
[...]
Memory Configuration

Name             Origin             Length             Attributes
RAM              0x0000000020000000 0x0000000000005000 xrw
FLASH            0x0000000008000000 0x0000000000010000 xr
*default*        0x0000000000000000 0xffffffffffffffff

Linker script and memory map

LOAD c:/st/stm32cubeide_1.4.0/stm32cubeide/plugins/com.st.stm32cube.ide.mcu.externaltools.gnu-tools-for-stm32.7-2018-q2-update.win32_1.4.0.202007081208/tools/bin/../lib/gcc/arm-none-eabi/7.3.1/thumb/v7-m/crti.o
LOAD c:/st/stm32cubeide_1.4.0/stm32cubeide/plugins/com.st.stm32cube.ide.mcu.externaltools.gnu-tools-for-stm32.7-2018-q2-update.win32_1.4.0.202007081208/tools/bin/../lib/gcc/arm-none-eabi/7.3.1/thumb/v7-m/crtbegin.o
LOAD c:/st/stm32cubeide_1.4.0/stm32cubeide/plugins/com.st.stm32cube.ide.mcu.externaltools.gnu-tools-for-stm32.7-2018-q2-update.win32_1.4.0.202007081208/tools/bin/../lib/gcc/arm-none-eabi/7.3.1/../../../../arm-none-eabi/lib/thumb/v7-m/crt0.o
LOAD Core/Src/main.o
LOAD Core/Src/stm32f1xx_hal_msp.o
LOAD Core/Src/stm32f1xx_it.o
LOAD Core/Src/syscalls.o
LOAD Core/Src/sysmem.o
LOAD Core/Src/system_stm32f1xx.o
LOAD Core/Startup/startup_stm32f103c8tx.o
LOAD Drivers/STM32F1xx_HAL_Driver/Src/stm32f1xx_hal.o
LOAD Drivers/STM32F1xx_HAL_Driver/Src/stm32f1xx_hal_cortex.o
LOAD Drivers/STM32F1xx_HAL_Driver/Src/stm32f1xx_hal_dma.o
LOAD Drivers/STM32F1xx_HAL_Driver/Src/stm32f1xx_hal_exti.o
LOAD Drivers/STM32F1xx_HAL_Driver/Src/stm32f1xx_hal_flash.o
LOAD Drivers/STM32F1xx_HAL_Driver/Src/stm32f1xx_hal_flash_ex.o
LOAD Drivers/STM32F1xx_HAL_Driver/Src/stm32f1xx_hal_gpio.o
LOAD Drivers/STM32F1xx_HAL_Driver/Src/stm32f1xx_hal_gpio_ex.o
LOAD Drivers/STM32F1xx_HAL_Driver/Src/stm32f1xx_hal_pcd.o
LOAD Drivers/STM32F1xx_HAL_Driver/Src/stm32f1xx_hal_pcd_ex.o
LOAD Drivers/STM32F1xx_HAL_Driver/Src/stm32f1xx_hal_pwr.o
LOAD Drivers/STM32F1xx_HAL_Driver/Src/stm32f1xx_hal_rcc.o
LOAD Drivers/STM32F1xx_HAL_Driver/Src/stm32f1xx_hal_rcc_ex.o
LOAD Drivers/STM32F1xx_HAL_Driver/Src/stm32f1xx_hal_tim.o
LOAD Drivers/STM32F1xx_HAL_Driver/Src/stm32f1xx_hal_tim_ex.o
LOAD Drivers/STM32F1xx_HAL_Driver/Src/stm32f1xx_hal_uart.o
LOAD Drivers/STM32F1xx_HAL_Driver/Src/stm32f1xx_ll_usb.o
LOAD Middlewares/ST/STM32_USB_Device_Library/Class/CDC/Src/usbd_cdc.o
LOAD Middlewares/ST/STM32_USB_Device_Library/Core/Src/usbd_core.o
LOAD Middlewares/ST/STM32_USB_Device_Library/Core/Src/usbd_ctlreq.o
LOAD Middlewares/ST/STM32_USB_Device_Library/Core/Src/usbd_ioreq.o
LOAD USB_DEVICE/App/usb_device.o
LOAD USB_DEVICE/App/usbd_cdc_if.o
LOAD USB_DEVICE/App/usbd_desc.o
LOAD USB_DEVICE/Target/usbd_conf.o
START GROUP
LOAD c:/st/stm32cubeide_1.4.0/stm32cubeide/plugins/com.st.stm32cube.ide.mcu.externaltools.gnu-tools-for-stm32.7-2018-q2-update.win32_1.4.0.202007081208/tools/bin/../lib/gcc/arm-none-eabi/7.3.1/../../../../arm-none-eabi/lib/thumb/v7-m\libc_nano.a
LOAD c:/st/stm32cubeide_1.4.0/stm32cubeide/plugins/com.st.stm32cube.ide.mcu.externaltools.gnu-tools-for-stm32.7-2018-q2-update.win32_1.4.0.202007081208/tools/bin/../lib/gcc/arm-none-eabi/7.3.1/../../../../arm-none-eabi/lib/thumb/v7-m\libm.a
END GROUP
START GROUP
LOAD c:/st/stm32cubeide_1.4.0/stm32cubeide/plugins/com.st.stm32cube.ide.mcu.externaltools.gnu-tools-for-stm32.7-2018-q2-update.win32_1.4.0.202007081208/tools/bin/../lib/gcc/arm-none-eabi/7.3.1/thumb/v7-m\libgcc.a
LOAD c:/st/stm32cubeide_1.4.0/stm32cubeide/plugins/com.st.stm32cube.ide.mcu.externaltools.gnu-tools-for-stm32.7-2018-q2-update.win32_1.4.0.202007081208/tools/bin/../lib/gcc/arm-none-eabi/7.3.1/../../../../arm-none-eabi/lib/thumb/v7-m\libc_nano.a
END GROUP
START GROUP
LOAD c:/st/stm32cubeide_1.4.0/stm32cubeide/plugins/com.st.stm32cube.ide.mcu.externaltools.gnu-tools-for-stm32.7-2018-q2-update.win32_1.4.0.202007081208/tools/bin/../lib/gcc/arm-none-eabi/7.3.1/thumb/v7-m\libgcc.a
LOAD c:/st/stm32cubeide_1.4.0/stm32cubeide/plugins/com.st.stm32cube.ide.mcu.externaltools.gnu-tools-for-stm32.7-2018-q2-update.win32_1.4.0.202007081208/tools/bin/../lib/gcc/arm-none-eabi/7.3.1/../../../../arm-none-eabi/lib/thumb/v7-m\libc_nano.a
LOAD c:/st/stm32cubeide_1.4.0/stm32cubeide/plugins/com.st.stm32cube.ide.mcu.externaltools.gnu-tools-for-stm32.7-2018-q2-update.win32_1.4.0.202007081208/tools/bin/../lib/gcc/arm-none-eabi/7.3.1/../../../../arm-none-eabi/lib/thumb/v7-m\libnosys.a
END GROUP
START GROUP
LOAD c:/st/stm32cubeide_1.4.0/stm32cubeide/plugins/com.st.stm32cube.ide.mcu.externaltools.gnu-tools-for-stm32.7-2018-q2-update.win32_1.4.0.202007081208/tools/bin/../lib/gcc/arm-none-eabi/7.3.1/thumb/v7-m\libgcc.a
LOAD c:/st/stm32cubeide_1.4.0/stm32cubeide/plugins/com.st.stm32cube.ide.mcu.externaltools.gnu-tools-for-stm32.7-2018-q2-update.win32_1.4.0.202007081208/tools/bin/../lib/gcc/arm-none-eabi/7.3.1/../../../../arm-none-eabi/lib/thumb/v7-m\libc_nano.a
LOAD c:/st/stm32cubeide_1.4.0/stm32cubeide/plugins/com.st.stm32cube.ide.mcu.externaltools.gnu-tools-for-stm32.7-2018-q2-update.win32_1.4.0.202007081208/tools/bin/../lib/gcc/arm-none-eabi/7.3.1/../../../../arm-none-eabi/lib/thumb/v7-m\libnosys.a
END GROUP
LOAD c:/st/stm32cubeide_1.4.0/stm32cubeide/plugins/com.st.stm32cube.ide.mcu.externaltools.gnu-tools-for-stm32.7-2018-q2-update.win32_1.4.0.202007081208/tools/bin/../lib/gcc/arm-none-eabi/7.3.1/thumb/v7-m/crtend.o
LOAD c:/st/stm32cubeide_1.4.0/stm32cubeide/plugins/com.st.stm32cube.ide.mcu.externaltools.gnu-tools-for-stm32.7-2018-q2-update.win32_1.4.0.202007081208/tools/bin/../lib/gcc/arm-none-eabi/7.3.1/thumb/v7-m/crtn.o
                0x0000000020005000                _estack = (ORIGIN (RAM) + LENGTH (RAM))
                0x0000000000000200                _Min_Heap_Size = 0x200
                0x0000000000000400                _Min_Stack_Size = 0x400

.isr_vector     0x0000000008000000      0x10c
                0x0000000008000000                . = ALIGN (0x4)
 *(.isr_vector)
 .isr_vector    0x0000000008000000      0x10c Core/Startup/startup_stm32f103c8tx.o
                0x0000000008000000                g_pfnVectors
                0x000000000800010c                . = ALIGN (0x4)

.text           0x000000000800010c     0x7764
                0x000000000800010c                . = ALIGN (0x4)
 *(.text)
 .text          0x000000000800010c       0x40 c:/st/stm32cubeide_1.4.0/stm32cubeide/plugins/com.st.stm32cube.ide.mcu.externaltools.gnu-tools-for-stm32.7-2018-q2-update.win32_1.4.0.202007081208/tools/bin/../lib/gcc/arm-none-eabi/7.3.1/thumb/v7-m/crtbegin.o
 *(.text*)
 .text.main     0x000000000800014c       0x90 Core/Src/main.o
                0x000000000800014c                main
 .text.SystemClock_Config
                0x00000000080001dc       0xb6 Core/Src/main.o
                0x00000000080001dc                SystemClock_Config
 *fill*         0x0000000008000292        0x2 
 .text.MX_USART1_UART_Init
                0x0000000008000294       0x54 Core/Src/main.o
 .text.MX_GPIO_Init
                0x00000000080002e8      0x10c Core/Src/main.o
 .text.HAL_UART_RxCpltCallback
                0x00000000080003f4       0x90 Core/Src/main.o
                0x00000000080003f4                HAL_UART_RxCpltCallback
 .text.Error_Handler
                0x0000000008000484        0xc Core/Src/main.o
                0x0000000008000484                Error_Handler
 .text.HAL_MspInit
                0x0000000008000490       0x64 Core/Src/stm32f1xx_hal_msp.o
                0x0000000008000490                HAL_MspInit
 .text.HAL_UART_MspInit
                0x00000000080004f4       0x90 Core/Src/stm32f1xx_hal_msp.o
                0x00000000080004f4                HAL_UART_MspInit
 .text.NMI_Handler
                0x0000000008000584        0xc Core/Src/stm32f1xx_it.o
                0x0000000008000584                NMI_Handler
 .text.HardFault_Handler
                0x0000000008000590        0x6 Core/Src/stm32f1xx_it.o
                0x0000000008000590                HardFault_Handler
 .text.MemManage_Handler
                0x0000000008000596        0x6 Core/Src/stm32f1xx_it.o
                0x0000000008000596                MemManage_Handler
 .text.BusFault_Handler
                0x000000000800059c        0x6 Core/Src/stm32f1xx_it.o
                0x000000000800059c                BusFault_Handler
 .text.UsageFault_Handler
                0x00000000080005a2        0x6 Core/Src/stm32f1xx_it.o
                0x00000000080005a2                UsageFault_Handler
 .text.SVC_Handler
                0x00000000080005a8        0xc Core/Src/stm32f1xx_it.o
                0x00000000080005a8                SVC_Handler
 .text.DebugMon_Handler
                0x00000000080005b4        0xc Core/Src/stm32f1xx_it.o
                0x00000000080005b4                DebugMon_Handler
 .text.PendSV_Handler
                0x00000000080005c0        0xc Core/Src/stm32f1xx_it.o
                0x00000000080005c0                PendSV_Handler
 .text.SysTick_Handler
                0x00000000080005cc        0xc Core/Src/stm32f1xx_it.o
                0x00000000080005cc                SysTick_Handler
 .text.USB_LP_CAN1_RX0_IRQHandler
                0x00000000080005d8       0x14 Core/Src/stm32f1xx_it.o
                0x00000000080005d8                USB_LP_CAN1_RX0_IRQHandler
 .text.USART1_IRQHandler
                0x00000000080005ec       0x14 Core/Src/stm32f1xx_it.o
                0x00000000080005ec                USART1_IRQHandler
 .text.SystemInit
                0x0000000008000600        0xc Core/Src/system_stm32f1xx.o
                0x0000000008000600                SystemInit
 .text.Reset_Handler
                0x000000000800060c       0x48 Core/Startup/startup_stm32f103c8tx.o
                0x000000000800060c                Reset_Handler
 .text.Default_Handler
                0x0000000008000654        0x2 Core/Startup/startup_stm32f103c8tx.o
                0x0000000008000654                RTC_Alarm_IRQHandler
                0x0000000008000654                EXTI2_IRQHandler
                0x0000000008000654                TIM1_CC_IRQHandler
                0x0000000008000654                PVD_IRQHandler
                0x0000000008000654                EXTI3_IRQHandler
                0x0000000008000654                EXTI0_IRQHandler
                0x0000000008000654                I2C2_EV_IRQHandler
                0x0000000008000654                ADC1_2_IRQHandler
                0x0000000008000654                SPI1_IRQHandler
                0x0000000008000654                TAMPER_IRQHandler
                0x0000000008000654                DMA1_Channel4_IRQHandler
                0x0000000008000654                USART3_IRQHandler
                0x0000000008000654                RTC_IRQHandler
                0x0000000008000654                DMA1_Channel7_IRQHandler
                0x0000000008000654                CAN1_RX1_IRQHandler
                0x0000000008000654                TIM4_IRQHandler
                0x0000000008000654                I2C1_EV_IRQHandler
                0x0000000008000654                DMA1_Channel6_IRQHandler
                0x0000000008000654                TIM3_IRQHandler
                0x0000000008000654                RCC_IRQHandler
                0x0000000008000654                TIM1_TRG_COM_IRQHandler
                0x0000000008000654                DMA1_Channel1_IRQHandler
                0x0000000008000654                Default_Handler
                0x0000000008000654                EXTI15_10_IRQHandler
                0x0000000008000654                EXTI9_5_IRQHandler
                0x0000000008000654                SPI2_IRQHandler
                0x0000000008000654                DMA1_Channel5_IRQHandler
                0x0000000008000654                EXTI4_IRQHandler
                0x0000000008000654                USB_HP_CAN1_TX_IRQHandler
                0x0000000008000654                DMA1_Channel3_IRQHandler
                0x0000000008000654                TIM1_UP_IRQHandler
                0x0000000008000654                WWDG_IRQHandler
                0x0000000008000654                TIM2_IRQHandler
                0x0000000008000654                TIM1_BRK_IRQHandler
                0x0000000008000654                EXTI1_IRQHandler
                0x0000000008000654                USART2_IRQHandler
                0x0000000008000654                I2C2_ER_IRQHandler
                0x0000000008000654                DMA1_Channel2_IRQHandler
                0x0000000008000654                CAN1_SCE_IRQHandler
                0x0000000008000654                FLASH_IRQHandler
                0x0000000008000654                I2C1_ER_IRQHandler
                0x0000000008000654                USBWakeUp_IRQHandler
 *fill*         0x0000000008000656        0x2 
 .text.HAL_Init
                0x0000000008000658       0x2c Drivers/STM32F1xx_HAL_Driver/Src/stm32f1xx_hal.o
                0x0000000008000658                HAL_Init
 .text.HAL_InitTick
                0x0000000008000684       0x60 Drivers/STM32F1xx_HAL_Driver/Src/stm32f1xx_hal.o
                0x0000000008000684                HAL_InitTick
 .text.HAL_IncTick
                0x00000000080006e4       0x24 Drivers/STM32F1xx_HAL_Driver/Src/stm32f1xx_hal.o
                0x00000000080006e4                HAL_IncTick
 .text.HAL_GetTick
                0x0000000008000708       0x14 Drivers/STM32F1xx_HAL_Driver/Src/stm32f1xx_hal.o
                0x0000000008000708                HAL_GetTick
 .text.HAL_Delay
                0x000000000800071c       0x44 Drivers/STM32F1xx_HAL_Driver/Src/stm32f1xx_hal.o
                0x000000000800071c                HAL_Delay
 .text.__NVIC_SetPriorityGrouping
                0x0000000008000760       0x48 Drivers/STM32F1xx_HAL_Driver/Src/stm32f1xx_hal_cortex.o
 .text.__NVIC_GetPriorityGrouping
                0x00000000080007a8       0x1c Drivers/STM32F1xx_HAL_Driver/Src/stm32f1xx_hal_cortex.o
 .text.__NVIC_EnableIRQ
                0x00000000080007c4       0x38 Drivers/STM32F1xx_HAL_Driver/Src/stm32f1xx_hal_cortex.o
 .text.__NVIC_SetPriority
                0x00000000080007fc       0x54 Drivers/STM32F1xx_HAL_Driver/Src/stm32f1xx_hal_cortex.o
 .text.NVIC_EncodePriority
                0x0000000008000850       0x64 Drivers/STM32F1xx_HAL_Driver/Src/stm32f1xx_hal_cortex.o
 .text.SysTick_Config
                0x00000000080008b4       0x44 Drivers/STM32F1xx_HAL_Driver/Src/stm32f1xx_hal_cortex.o
 .text.HAL_NVIC_SetPriorityGrouping
                0x00000000080008f8       0x16 Drivers/STM32F1xx_HAL_Driver/Src/stm32f1xx_hal_cortex.o
                0x00000000080008f8                HAL_NVIC_SetPriorityGrouping
 .text.HAL_NVIC_SetPriority
                0x000000000800090e       0x38 Drivers/STM32F1xx_HAL_Driver/Src/stm32f1xx_hal_cortex.o
                0x000000000800090e                HAL_NVIC_SetPriority
 .text.HAL_NVIC_EnableIRQ
                0x0000000008000946       0x1c Drivers/STM32F1xx_HAL_Driver/Src/stm32f1xx_hal_cortex.o
                0x0000000008000946                HAL_NVIC_EnableIRQ
 .text.HAL_SYSTICK_Config
                0x0000000008000962       0x18 Drivers/STM32F1xx_HAL_Driver/Src/stm32f1xx_hal_cortex.o
                0x0000000008000962                HAL_SYSTICK_Config
 *fill*         0x000000000800097a        0x2 
 .text.HAL_DMA_Abort_IT
                0x000000000800097c       0xec Drivers/STM32F1xx_HAL_Driver/Src/stm32f1xx_hal_dma.o
                0x000000000800097c                HAL_DMA_Abort_IT
 .text.HAL_GPIO_Init
                0x0000000008000a68      0x2b4 Drivers/STM32F1xx_HAL_Driver/Src/stm32f1xx_hal_gpio.o
                0x0000000008000a68                HAL_GPIO_Init
 .text.HAL_GPIO_WritePin
                0x0000000008000d1c       0x30 Drivers/STM32F1xx_HAL_Driver/Src/stm32f1xx_hal_gpio.o
                0x0000000008000d1c                HAL_GPIO_WritePin
 .text.HAL_GPIO_TogglePin
                0x0000000008000d4c       0x32 Drivers/STM32F1xx_HAL_Driver/Src/stm32f1xx_hal_gpio.o
                0x0000000008000d4c                HAL_GPIO_TogglePin
 .text.HAL_PCD_Init
                0x0000000008000d7e      0x216 Drivers/STM32F1xx_HAL_Driver/Src/stm32f1xx_hal_pcd.o
                0x0000000008000d7e                HAL_PCD_Init
 .text.HAL_PCD_Start
                0x0000000008000f94       0x4c Drivers/STM32F1xx_HAL_Driver/Src/stm32f1xx_hal_pcd.o
                0x0000000008000f94                HAL_PCD_Start
 .text.HAL_PCD_IRQHandler
                0x0000000008000fe0      0x2aa Drivers/STM32F1xx_HAL_Driver/Src/stm32f1xx_hal_pcd.o
                0x0000000008000fe0                HAL_PCD_IRQHandler
 .text.HAL_PCD_SetAddress
                0x000000000800128a       0x4a Drivers/STM32F1xx_HAL_Driver/Src/stm32f1xx_hal_pcd.o
                0x000000000800128a                HAL_PCD_SetAddress
 .text.HAL_PCD_EP_Open
                0x00000000080012d4       0xcc Drivers/STM32F1xx_HAL_Driver/Src/stm32f1xx_hal_pcd.o
                0x00000000080012d4                HAL_PCD_EP_Open
 .text.HAL_PCD_EP_Close
                0x00000000080013a0       0x90 Drivers/STM32F1xx_HAL_Driver/Src/stm32f1xx_hal_pcd.o
                0x00000000080013a0                HAL_PCD_EP_Close
 .text.HAL_PCD_EP_Receive
                0x0000000008001430       0x7a Drivers/STM32F1xx_HAL_Driver/Src/stm32f1xx_hal_pcd.o
                0x0000000008001430                HAL_PCD_EP_Receive
 .text.HAL_PCD_EP_GetRxCount
                0x00000000080014aa       0x2e Drivers/STM32F1xx_HAL_Driver/Src/stm32f1xx_hal_pcd.o
                0x00000000080014aa                HAL_PCD_EP_GetRxCount
 .text.HAL_PCD_EP_Transmit
                0x00000000080014d8       0x86 Drivers/STM32F1xx_HAL_Driver/Src/stm32f1xx_hal_pcd.o
                0x00000000080014d8                HAL_PCD_EP_Transmit
 .text.HAL_PCD_EP_SetStall
                0x000000000800155e       0xc0 Drivers/STM32F1xx_HAL_Driver/Src/stm32f1xx_hal_pcd.o
                0x000000000800155e                HAL_PCD_EP_SetStall
 .text.HAL_PCD_EP_ClrStall
                0x000000000800161e       0xa8 Drivers/STM32F1xx_HAL_Driver/Src/stm32f1xx_hal_pcd.o
                0x000000000800161e                HAL_PCD_EP_ClrStall
 .text.PCD_EP_ISR_Handler
                0x00000000080016c6      0x5e6 Drivers/STM32F1xx_HAL_Driver/Src/stm32f1xx_hal_pcd.o
 .text.HAL_PCD_EP_DB_Receive
                0x0000000008001cac      0x21a Drivers/STM32F1xx_HAL_Driver/Src/stm32f1xx_hal_pcd.o
 .text.HAL_PCD_EP_DB_Transmit
                0x0000000008001ec6      0x53a Drivers/STM32F1xx_HAL_Driver/Src/stm32f1xx_hal_pcd.o
 .text.HAL_PCDEx_PMAConfig
                0x0000000008002400       0x84 Drivers/STM32F1xx_HAL_Driver/Src/stm32f1xx_hal_pcd_ex.o
                0x0000000008002400                HAL_PCDEx_PMAConfig
 .text.HAL_RCC_OscConfig
                0x0000000008002484      0x500 Drivers/STM32F1xx_HAL_Driver/Src/stm32f1xx_hal_rcc.o
                0x0000000008002484                HAL_RCC_OscConfig
 .text.HAL_RCC_ClockConfig
                0x0000000008002984      0x1d4 Drivers/STM32F1xx_HAL_Driver/Src/stm32f1xx_hal_rcc.o
                0x0000000008002984                HAL_RCC_ClockConfig
 .text.HAL_RCC_GetSysClockFreq
                0x0000000008002b58       0xc4 Drivers/STM32F1xx_HAL_Driver/Src/stm32f1xx_hal_rcc.o
                0x0000000008002b58                HAL_RCC_GetSysClockFreq
 .text.HAL_RCC_GetHCLKFreq
                0x0000000008002c1c       0x14 Drivers/STM32F1xx_HAL_Driver/Src/stm32f1xx_hal_rcc.o
                0x0000000008002c1c                HAL_RCC_GetHCLKFreq
 .text.HAL_RCC_GetPCLK1Freq
                0x0000000008002c30       0x28 Drivers/STM32F1xx_HAL_Driver/Src/stm32f1xx_hal_rcc.o
                0x0000000008002c30                HAL_RCC_GetPCLK1Freq
 .text.HAL_RCC_GetPCLK2Freq
                0x0000000008002c58       0x28 Drivers/STM32F1xx_HAL_Driver/Src/stm32f1xx_hal_rcc.o
                0x0000000008002c58                HAL_RCC_GetPCLK2Freq
 .text.RCC_Delay
                0x0000000008002c80       0x3c Drivers/STM32F1xx_HAL_Driver/Src/stm32f1xx_hal_rcc.o
 .text.HAL_RCCEx_PeriphCLKConfig
                0x0000000008002cbc      0x16c Drivers/STM32F1xx_HAL_Driver/Src/stm32f1xx_hal_rcc_ex.o
                0x0000000008002cbc                HAL_RCCEx_PeriphCLKConfig
 .text.HAL_HalfDuplex_Init
                0x0000000008002e28       0xaa Drivers/STM32F1xx_HAL_Driver/Src/stm32f1xx_hal_uart.o
                0x0000000008002e28                HAL_HalfDuplex_Init
 .text.HAL_UART_Transmit
                0x0000000008002ed2      0x124 Drivers/STM32F1xx_HAL_Driver/Src/stm32f1xx_hal_uart.o
                0x0000000008002ed2                HAL_UART_Transmit
 .text.HAL_UART_Receive_IT
                0x0000000008002ff6       0xa8 Drivers/STM32F1xx_HAL_Driver/Src/stm32f1xx_hal_uart.o
                0x0000000008002ff6                HAL_UART_Receive_IT
 *fill*         0x000000000800309e        0x2 
 .text.HAL_UART_IRQHandler
                0x00000000080030a0      0x200 Drivers/STM32F1xx_HAL_Driver/Src/stm32f1xx_hal_uart.o
                0x00000000080030a0                HAL_UART_IRQHandler
 .text.HAL_UART_TxCpltCallback
                0x00000000080032a0       0x12 Drivers/STM32F1xx_HAL_Driver/Src/stm32f1xx_hal_uart.o
                0x00000000080032a0                HAL_UART_TxCpltCallback
 .text.HAL_UART_ErrorCallback
                0x00000000080032b2       0x12 Drivers/STM32F1xx_HAL_Driver/Src/stm32f1xx_hal_uart.o
                0x00000000080032b2                HAL_UART_ErrorCallback
 .text.UART_WaitOnFlagUntilTimeout
                0x00000000080032c4       0x94 Drivers/STM32F1xx_HAL_Driver/Src/stm32f1xx_hal_uart.o
 .text.UART_EndRxTransfer
                0x0000000008003358       0x3a Drivers/STM32F1xx_HAL_Driver/Src/stm32f1xx_hal_uart.o
 .text.UART_DMAAbortOnError
                0x0000000008003392       0x28 Drivers/STM32F1xx_HAL_Driver/Src/stm32f1xx_hal_uart.o
 .text.UART_Transmit_IT
                0x00000000080033ba       0x9e Drivers/STM32F1xx_HAL_Driver/Src/stm32f1xx_hal_uart.o
 .text.UART_EndTransmit_IT
                0x0000000008003458       0x30 Drivers/STM32F1xx_HAL_Driver/Src/stm32f1xx_hal_uart.o
 .text.UART_Receive_IT
                0x0000000008003488      0x100 Drivers/STM32F1xx_HAL_Driver/Src/stm32f1xx_hal_uart.o
 .text.UART_SetConfig
                0x0000000008003588      0x11c Drivers/STM32F1xx_HAL_Driver/Src/stm32f1xx_hal_uart.o
 .text.USB_CoreInit
                0x00000000080036a4       0x20 Drivers/STM32F1xx_HAL_Driver/Src/stm32f1xx_ll_usb.o
                0x00000000080036a4                USB_CoreInit
 .text.USB_EnableGlobalInt
                0x00000000080036c4       0x2c Drivers/STM32F1xx_HAL_Driver/Src/stm32f1xx_ll_usb.o
                0x00000000080036c4                USB_EnableGlobalInt
 .text.USB_DisableGlobalInt
                0x00000000080036f0       0x34 Drivers/STM32F1xx_HAL_Driver/Src/stm32f1xx_ll_usb.o
                0x00000000080036f0                USB_DisableGlobalInt
 .text.USB_SetCurrentMode
                0x0000000008003724       0x18 Drivers/STM32F1xx_HAL_Driver/Src/stm32f1xx_ll_usb.o
                0x0000000008003724                USB_SetCurrentMode
 .text.USB_DevInit
                0x000000000800373c       0x40 Drivers/STM32F1xx_HAL_Driver/Src/stm32f1xx_ll_usb.o
                0x000000000800373c                USB_DevInit
 .text.USB_ActivateEndpoint
                0x000000000800377c      0x6d4 Drivers/STM32F1xx_HAL_Driver/Src/stm32f1xx_ll_usb.o
                0x000000000800377c                USB_ActivateEndpoint
 .text.USB_DeactivateEndpoint
                0x0000000008003e50      0x3d8 Drivers/STM32F1xx_HAL_Driver/Src/stm32f1xx_ll_usb.o
                0x0000000008003e50                USB_DeactivateEndpoint
 .text.USB_EPStartXfer
                0x0000000008004228     0x1240 Drivers/STM32F1xx_HAL_Driver/Src/stm32f1xx_ll_usb.o
                0x0000000008004228                USB_EPStartXfer
 .text.USB_EPSetStall
                0x0000000008005468       0xa0 Drivers/STM32F1xx_HAL_Driver/Src/stm32f1xx_ll_usb.o
                0x0000000008005468                USB_EPSetStall
 .text.USB_EPClearStall
                0x0000000008005508      0x15a Drivers/STM32F1xx_HAL_Driver/Src/stm32f1xx_ll_usb.o
                0x0000000008005508                USB_EPClearStall
 .text.USB_SetDevAddress
                0x0000000008005662       0x26 Drivers/STM32F1xx_HAL_Driver/Src/stm32f1xx_ll_usb.o
                0x0000000008005662                USB_SetDevAddress
 .text.USB_DevConnect
                0x0000000008005688       0x14 Drivers/STM32F1xx_HAL_Driver/Src/stm32f1xx_ll_usb.o
                0x0000000008005688                USB_DevConnect
 .text.USB_DevDisconnect
                0x000000000800569c       0x14 Drivers/STM32F1xx_HAL_Driver/Src/stm32f1xx_ll_usb.o
                0x000000000800569c                USB_DevDisconnect
 .text.USB_ReadInterrupts
                0x00000000080056b0       0x1e Drivers/STM32F1xx_HAL_Driver/Src/stm32f1xx_ll_usb.o
                0x00000000080056b0                USB_ReadInterrupts
 .text.USB_EP0_OutStart
                0x00000000080056ce       0x16 Drivers/STM32F1xx_HAL_Driver/Src/stm32f1xx_ll_usb.o
                0x00000000080056ce                USB_EP0_OutStart
 .text.USB_WritePMA
                0x00000000080056e4       0x88 Drivers/STM32F1xx_HAL_Driver/Src/stm32f1xx_ll_usb.o
                0x00000000080056e4                USB_WritePMA
 .text.USB_ReadPMA
                0x000000000800576c       0x9e Drivers/STM32F1xx_HAL_Driver/Src/stm32f1xx_ll_usb.o
                0x000000000800576c                USB_ReadPMA
 .text.USBD_CDC_Init
                0x000000000800580a       0xf4 Middlewares/ST/STM32_USB_Device_Library/Class/CDC/Src/usbd_cdc.o
 .text.USBD_CDC_DeInit
                0x00000000080058fe       0x6e Middlewares/ST/STM32_USB_Device_Library/Class/CDC/Src/usbd_cdc.o
 .text.USBD_CDC_Setup
                0x000000000800596c      0x140 Middlewares/ST/STM32_USB_Device_Library/Class/CDC/Src/usbd_cdc.o
 .text.USBD_CDC_DataIn
                0x0000000008005aac       0xa6 Middlewares/ST/STM32_USB_Device_Library/Class/CDC/Src/usbd_cdc.o
 .text.USBD_CDC_DataOut
                0x0000000008005b52       0x56 Middlewares/ST/STM32_USB_Device_Library/Class/CDC/Src/usbd_cdc.o
 .text.USBD_CDC_EP0_RxReady
                0x0000000008005ba8       0x50 Middlewares/ST/STM32_USB_Device_Library/Class/CDC/Src/usbd_cdc.o
 .text.USBD_CDC_GetFSCfgDesc
                0x0000000008005bf8       0x20 Middlewares/ST/STM32_USB_Device_Library/Class/CDC/Src/usbd_cdc.o
 .text.USBD_CDC_GetHSCfgDesc
                0x0000000008005c18       0x20 Middlewares/ST/STM32_USB_Device_Library/Class/CDC/Src/usbd_cdc.o
 .text.USBD_CDC_GetOtherSpeedCfgDesc
                0x0000000008005c38       0x20 Middlewares/ST/STM32_USB_Device_Library/Class/CDC/Src/usbd_cdc.o
 .text.USBD_CDC_GetDeviceQualifierDescriptor
                0x0000000008005c58       0x20 Middlewares/ST/STM32_USB_Device_Library/Class/CDC/Src/usbd_cdc.o
                0x0000000008005c58                USBD_CDC_GetDeviceQualifierDescriptor
 .text.USBD_CDC_RegisterInterface
                0x0000000008005c78       0x2c Middlewares/ST/STM32_USB_Device_Library/Class/CDC/Src/usbd_cdc.o
                0x0000000008005c78                USBD_CDC_RegisterInterface
 .text.USBD_CDC_SetTxBuffer
                0x0000000008005ca4       0x32 Middlewares/ST/STM32_USB_Device_Library/Class/CDC/Src/usbd_cdc.o
                0x0000000008005ca4                USBD_CDC_SetTxBuffer
 .text.USBD_CDC_SetRxBuffer
                0x0000000008005cd6       0x26 Middlewares/ST/STM32_USB_Device_Library/Class/CDC/Src/usbd_cdc.o
                0x0000000008005cd6                USBD_CDC_SetRxBuffer
 .text.USBD_CDC_TransmitPacket
                0x0000000008005cfc       0x5e Middlewares/ST/STM32_USB_Device_Library/Class/CDC/Src/usbd_cdc.o
                0x0000000008005cfc                USBD_CDC_TransmitPacket
 .text.USBD_CDC_ReceivePacket
                0x0000000008005d5a       0x54 Middlewares/ST/STM32_USB_Device_Library/Class/CDC/Src/usbd_cdc.o
                0x0000000008005d5a                USBD_CDC_ReceivePacket
 .text.USBD_Init
                0x0000000008005dae       0x56 Middlewares/ST/STM32_USB_Device_Library/Core/Src/usbd_core.o
                0x0000000008005dae                USBD_Init
 .text.USBD_RegisterClass
                0x0000000008005e04       0x32 Middlewares/ST/STM32_USB_Device_Library/Core/Src/usbd_core.o
                0x0000000008005e04                USBD_RegisterClass
 .text.USBD_Start
                0x0000000008005e36       0x18 Middlewares/ST/STM32_USB_Device_Library/Core/Src/usbd_core.o
                0x0000000008005e36                USBD_Start
 .text.USBD_RunTestMode
                0x0000000008005e4e       0x14 Middlewares/ST/STM32_USB_Device_Library/Core/Src/usbd_core.o
                0x0000000008005e4e                USBD_RunTestMode
 .text.USBD_SetClassConfig
                0x0000000008005e62       0x3e Middlewares/ST/STM32_USB_Device_Library/Core/Src/usbd_core.o
                0x0000000008005e62                USBD_SetClassConfig
 .text.USBD_ClrClassConfig
                0x0000000008005ea0       0x26 Middlewares/ST/STM32_USB_Device_Library/Core/Src/usbd_core.o
                0x0000000008005ea0                USBD_ClrClassConfig
 .text.USBD_LL_SetupStage
                0x0000000008005ec6       0x96 Middlewares/ST/STM32_USB_Device_Library/Core/Src/usbd_core.o
                0x0000000008005ec6                USBD_LL_SetupStage
 .text.USBD_LL_DataOutStage
                0x0000000008005f5c       0xe2 Middlewares/ST/STM32_USB_Device_Library/Core/Src/usbd_core.o
                0x0000000008005f5c                USBD_LL_DataOutStage
 .text.USBD_LL_DataInStage
                0x000000000800603e      0x14a Middlewares/ST/STM32_USB_Device_Library/Core/Src/usbd_core.o
                0x000000000800603e                USBD_LL_DataInStage
 .text.USBD_LL_Reset
                0x0000000008006188       0x82 Middlewares/ST/STM32_USB_Device_Library/Core/Src/usbd_core.o
                0x0000000008006188                USBD_LL_Reset
 .text.USBD_LL_SetSpeed
                0x000000000800620a       0x1e Middlewares/ST/STM32_USB_Device_Library/Core/Src/usbd_core.o
                0x000000000800620a                USBD_LL_SetSpeed
 .text.USBD_LL_Suspend
                0x0000000008006228       0x28 Middlewares/ST/STM32_USB_Device_Library/Core/Src/usbd_core.o
                0x0000000008006228                USBD_LL_Suspend
 .text.USBD_LL_Resume
                0x0000000008006250       0x2a Middlewares/ST/STM32_USB_Device_Library/Core/Src/usbd_core.o
                0x0000000008006250                USBD_LL_Resume
 .text.USBD_LL_SOF
                0x000000000800627a       0x34 Middlewares/ST/STM32_USB_Device_Library/Core/Src/usbd_core.o
                0x000000000800627a                USBD_LL_SOF
 *fill*         0x00000000080062ae        0x2 
 .text.USBD_StdDevReq
                0x00000000080062b0       0xd4 Middlewares/ST/STM32_USB_Device_Library/Core/Src/usbd_ctlreq.o
                0x00000000080062b0                USBD_StdDevReq
 .text.USBD_StdItfReq
                0x0000000008006384       0x8c Middlewares/ST/STM32_USB_Device_Library/Core/Src/usbd_ctlreq.o
                0x0000000008006384                USBD_StdItfReq
 .text.USBD_StdEPReq
                0x0000000008006410      0x2ba Middlewares/ST/STM32_USB_Device_Library/Core/Src/usbd_ctlreq.o
                0x0000000008006410                USBD_StdEPReq
 *fill*         0x00000000080066ca        0x2 
 .text.USBD_GetDescriptor
                0x00000000080066cc      0x2d0 Middlewares/ST/STM32_USB_Device_Library/Core/Src/usbd_ctlreq.o
 .text.USBD_SetAddress
                0x000000000800699c       0x84 Middlewares/ST/STM32_USB_Device_Library/Core/Src/usbd_ctlreq.o
 .text.USBD_SetConfig
                0x0000000008006a20      0x11c Middlewares/ST/STM32_USB_Device_Library/Core/Src/usbd_ctlreq.o
 .text.USBD_GetConfig
                0x0000000008006b3c       0x68 Middlewares/ST/STM32_USB_Device_Library/Core/Src/usbd_ctlreq.o
 .text.USBD_GetStatus
                0x0000000008006ba4       0x66 Middlewares/ST/STM32_USB_Device_Library/Core/Src/usbd_ctlreq.o
 .text.USBD_SetFeature
                0x0000000008006c0a       0x28 Middlewares/ST/STM32_USB_Device_Library/Core/Src/usbd_ctlreq.o
 .text.USBD_ClrFeature
                0x0000000008006c32       0x42 Middlewares/ST/STM32_USB_Device_Library/Core/Src/usbd_ctlreq.o
 .text.USBD_ParseSetupRequest
                0x0000000008006c74       0x78 Middlewares/ST/STM32_USB_Device_Library/Core/Src/usbd_ctlreq.o
                0x0000000008006c74                USBD_ParseSetupRequest
 .text.USBD_CtlError
                0x0000000008006cec       0x22 Middlewares/ST/STM32_USB_Device_Library/Core/Src/usbd_ctlreq.o
                0x0000000008006cec                USBD_CtlError
 .text.USBD_GetString
                0x0000000008006d0e       0x84 Middlewares/ST/STM32_USB_Device_Library/Core/Src/usbd_ctlreq.o
                0x0000000008006d0e                USBD_GetString
 .text.USBD_GetLen
                0x0000000008006d92       0x2e Middlewares/ST/STM32_USB_Device_Library/Core/Src/usbd_ctlreq.o
 .text.USBD_CtlSendData
                0x0000000008006dc0       0x38 Middlewares/ST/STM32_USB_Device_Library/Core/Src/usbd_ioreq.o
                0x0000000008006dc0                USBD_CtlSendData
 .text.USBD_CtlContinueSendData
                0x0000000008006df8       0x24 Middlewares/ST/STM32_USB_Device_Library/Core/Src/usbd_ioreq.o
                0x0000000008006df8                USBD_CtlContinueSendData
 .text.USBD_CtlPrepareRx
                0x0000000008006e1c       0x3c Middlewares/ST/STM32_USB_Device_Library/Core/Src/usbd_ioreq.o
                0x0000000008006e1c                USBD_CtlPrepareRx
 .text.USBD_CtlContinueRx
                0x0000000008006e58       0x24 Middlewares/ST/STM32_USB_Device_Library/Core/Src/usbd_ioreq.o
                0x0000000008006e58                USBD_CtlContinueRx
 .text.USBD_CtlSendStatus
                0x0000000008006e7c       0x26 Middlewares/ST/STM32_USB_Device_Library/Core/Src/usbd_ioreq.o
                0x0000000008006e7c                USBD_CtlSendStatus
 .text.USBD_CtlReceiveStatus
                0x0000000008006ea2       0x26 Middlewares/ST/STM32_USB_Device_Library/Core/Src/usbd_ioreq.o
                0x0000000008006ea2                USBD_CtlReceiveStatus
 .text.MX_USB_DEVICE_Init
                0x0000000008006ec8       0x60 USB_DEVICE/App/usb_device.o
                0x0000000008006ec8                MX_USB_DEVICE_Init
 .text.CDC_Init_FS
                0x0000000008006f28       0x28 USB_DEVICE/App/usbd_cdc_if.o
 .text.CDC_DeInit_FS
                0x0000000008006f50        0xe USB_DEVICE/App/usbd_cdc_if.o
 *fill*         0x0000000008006f5e        0x2 
 .text.CDC_Control_FS
                0x0000000008006f60       0xbc USB_DEVICE/App/usbd_cdc_if.o
 .text.CDC_Receive_FS
                0x000000000800701c       0x28 USB_DEVICE/App/usbd_cdc_if.o
 .text.CDC_Transmit_FS
                0x0000000008007044       0x4c USB_DEVICE/App/usbd_cdc_if.o
                0x0000000008007044                CDC_Transmit_FS
 .text.USBD_FS_DeviceDescriptor
                0x0000000008007090       0x24 USB_DEVICE/App/usbd_desc.o
                0x0000000008007090                USBD_FS_DeviceDescriptor
 .text.USBD_FS_LangIDStrDescriptor
                0x00000000080070b4       0x24 USB_DEVICE/App/usbd_desc.o
                0x00000000080070b4                USBD_FS_LangIDStrDescriptor
 .text.USBD_FS_ProductStrDescriptor
                0x00000000080070d8       0x3c USB_DEVICE/App/usbd_desc.o
                0x00000000080070d8                USBD_FS_ProductStrDescriptor
 .text.USBD_FS_ManufacturerStrDescriptor
                0x0000000008007114       0x28 USB_DEVICE/App/usbd_desc.o
                0x0000000008007114                USBD_FS_ManufacturerStrDescriptor
 .text.USBD_FS_SerialStrDescriptor
                0x000000000800713c       0x24 USB_DEVICE/App/usbd_desc.o
                0x000000000800713c                USBD_FS_SerialStrDescriptor
 .text.USBD_FS_ConfigStrDescriptor
                0x0000000008007160       0x3c USB_DEVICE/App/usbd_desc.o
                0x0000000008007160                USBD_FS_ConfigStrDescriptor
 .text.USBD_FS_InterfaceStrDescriptor
                0x000000000800719c       0x3c USB_DEVICE/App/usbd_desc.o
                0x000000000800719c                USBD_FS_InterfaceStrDescriptor
 .text.Get_SerialNum
                0x00000000080071d8       0x58 USB_DEVICE/App/usbd_desc.o
 .text.IntToUnicode
                0x0000000008007230       0x7a USB_DEVICE/App/usbd_desc.o
 *fill*         0x00000000080072aa        0x2 
 .text.HAL_PCD_MspInit
                0x00000000080072ac       0x4c USB_DEVICE/Target/usbd_conf.o
                0x00000000080072ac                HAL_PCD_MspInit
 .text.HAL_PCD_SetupStageCallback
                0x00000000080072f8       0x24 USB_DEVICE/Target/usbd_conf.o
                0x00000000080072f8                HAL_PCD_SetupStageCallback
 .text.HAL_PCD_DataOutStageCallback
                0x000000000800731c       0x36 USB_DEVICE/Target/usbd_conf.o
                0x000000000800731c                HAL_PCD_DataOutStageCallback
 .text.HAL_PCD_DataInStageCallback
                0x0000000008007352       0x34 USB_DEVICE/Target/usbd_conf.o
                0x0000000008007352                HAL_PCD_DataInStageCallback
 .text.HAL_PCD_SOFCallback
                0x0000000008007386       0x1c USB_DEVICE/Target/usbd_conf.o
                0x0000000008007386                HAL_PCD_SOFCallback
 .text.HAL_PCD_ResetCallback
                0x00000000080073a2       0x3c USB_DEVICE/Target/usbd_conf.o
                0x00000000080073a2                HAL_PCD_ResetCallback
 *fill*         0x00000000080073de        0x2 
 .text.HAL_PCD_SuspendCallback
                0x00000000080073e0       0x34 USB_DEVICE/Target/usbd_conf.o
                0x00000000080073e0                HAL_PCD_SuspendCallback
 .text.HAL_PCD_ResumeCallback
                0x0000000008007414       0x1c USB_DEVICE/Target/usbd_conf.o
                0x0000000008007414                HAL_PCD_ResumeCallback
 .text.USBD_LL_Init
                0x0000000008007430       0xb4 USB_DEVICE/Target/usbd_conf.o
                0x0000000008007430                USBD_LL_Init
 .text.USBD_LL_Start
                0x00000000080074e4       0x36 USB_DEVICE/Target/usbd_conf.o
                0x00000000080074e4                USBD_LL_Start
 .text.USBD_LL_OpenEP
                0x000000000800751a       0x4c USB_DEVICE/Target/usbd_conf.o
                0x000000000800751a                USBD_LL_OpenEP
 .text.USBD_LL_CloseEP
                0x0000000008007566       0x3e USB_DEVICE/Target/usbd_conf.o
                0x0000000008007566                USBD_LL_CloseEP
 .text.USBD_LL_StallEP
                0x00000000080075a4       0x3e USB_DEVICE/Target/usbd_conf.o
                0x00000000080075a4                USBD_LL_StallEP
 .text.USBD_LL_ClearStallEP
                0x00000000080075e2       0x3e USB_DEVICE/Target/usbd_conf.o
                0x00000000080075e2                USBD_LL_ClearStallEP
 .text.USBD_LL_IsStallEP
                0x0000000008007620       0x58 USB_DEVICE/Target/usbd_conf.o
                0x0000000008007620                USBD_LL_IsStallEP
 .text.USBD_LL_SetUSBAddress
                0x0000000008007678       0x3e USB_DEVICE/Target/usbd_conf.o
                0x0000000008007678                USBD_LL_SetUSBAddress
 .text.USBD_LL_Transmit
                0x00000000080076b6       0x46 USB_DEVICE/Target/usbd_conf.o
                0x00000000080076b6                USBD_LL_Transmit
 .text.USBD_LL_PrepareReceive
                0x00000000080076fc       0x46 USB_DEVICE/Target/usbd_conf.o
                0x00000000080076fc                USBD_LL_PrepareReceive
 .text.USBD_LL_GetRxDataSize
                0x0000000008007742       0x26 USB_DEVICE/Target/usbd_conf.o
                0x0000000008007742                USBD_LL_GetRxDataSize
 .text.USBD_static_malloc
                0x0000000008007768       0x18 USB_DEVICE/Target/usbd_conf.o
                0x0000000008007768                USBD_static_malloc
 .text.USBD_static_free
                0x0000000008007780       0x12 USB_DEVICE/Target/usbd_conf.o
                0x0000000008007780                USBD_static_free
 .text.HAL_PCDEx_SetConnectionState
                0x0000000008007792       0x16 USB_DEVICE/Target/usbd_conf.o
                0x0000000008007792                HAL_PCDEx_SetConnectionState
 .text.USBD_Get_USB_Status
                0x00000000080077a8       0x58 USB_DEVICE/Target/usbd_conf.o
 .text.__libc_init_array
                0x0000000008007800       0x48 c:/st/stm32cubeide_1.4.0/stm32cubeide/plugins/com.st.stm32cube.ide.mcu.externaltools.gnu-tools-for-stm32.7-2018-q2-update.win32_1.4.0.202007081208/tools/bin/../lib/gcc/arm-none-eabi/7.3.1/../../../../arm-none-eabi/lib/thumb/v7-m\libc_nano.a(lib_a-init.o)
                0x0000000008007800                __libc_init_array
 .text.memset   0x0000000008007848       0x10 c:/st/stm32cubeide_1.4.0/stm32cubeide/plugins/com.st.stm32cube.ide.mcu.externaltools.gnu-tools-for-stm32.7-2018-q2-update.win32_1.4.0.202007081208/tools/bin/../lib/gcc/arm-none-eabi/7.3.1/../../../../arm-none-eabi/lib/thumb/v7-m\libc_nano.a(lib_a-memset.o)
                0x0000000008007848                memset
 *(.glue_7)
 .glue_7        0x0000000008007858        0x0 linker stubs
 *(.glue_7t)
 .glue_7t       0x0000000008007858        0x0 linker stubs
 *(.eh_frame)
 .eh_frame      0x0000000008007858        0x0 c:/st/stm32cubeide_1.4.0/stm32cubeide/plugins/com.st.stm32cube.ide.mcu.externaltools.gnu-tools-for-stm32.7-2018-q2-update.win32_1.4.0.202007081208/tools/bin/../lib/gcc/arm-none-eabi/7.3.1/thumb/v7-m/crtbegin.o
 *(.init)
 .init          0x0000000008007858        0x4 c:/st/stm32cubeide_1.4.0/stm32cubeide/plugins/com.st.stm32cube.ide.mcu.externaltools.gnu-tools-for-stm32.7-2018-q2-update.win32_1.4.0.202007081208/tools/bin/../lib/gcc/arm-none-eabi/7.3.1/thumb/v7-m/crti.o
                0x0000000008007858                _init
 .init          0x000000000800785c        0x8 c:/st/stm32cubeide_1.4.0/stm32cubeide/plugins/com.st.stm32cube.ide.mcu.externaltools.gnu-tools-for-stm32.7-2018-q2-update.win32_1.4.0.202007081208/tools/bin/../lib/gcc/arm-none-eabi/7.3.1/thumb/v7-m/crtn.o
 *(.fini)
 .fini          0x0000000008007864        0x4 c:/st/stm32cubeide_1.4.0/stm32cubeide/plugins/com.st.stm32cube.ide.mcu.externaltools.gnu-tools-for-stm32.7-2018-q2-update.win32_1.4.0.202007081208/tools/bin/../lib/gcc/arm-none-eabi/7.3.1/thumb/v7-m/crti.o
                0x0000000008007864                _fini
 .fini          0x0000000008007868        0x8 c:/st/stm32cubeide_1.4.0/stm32cubeide/plugins/com.st.stm32cube.ide.mcu.externaltools.gnu-tools-for-stm32.7-2018-q2-update.win32_1.4.0.202007081208/tools/bin/../lib/gcc/arm-none-eabi/7.3.1/thumb/v7-m/crtn.o
                0x0000000008007870                . = ALIGN (0x4)
                0x0000000008007870                _etext = .

.vfp11_veneer   0x0000000008007870        0x0
 .vfp11_veneer  0x0000000008007870        0x0 linker stubs

.v4_bx          0x0000000008007870        0x0
 .v4_bx         0x0000000008007870        0x0 linker stubs

.iplt           0x0000000008007870        0x0
 .iplt          0x0000000008007870        0x0 c:/st/stm32cubeide_1.4.0/stm32cubeide/plugins/com.st.stm32cube.ide.mcu.externaltools.gnu-tools-for-stm32.7-2018-q2-update.win32_1.4.0.202007081208/tools/bin/../lib/gcc/arm-none-eabi/7.3.1/thumb/v7-m/crtbegin.o

.rodata         0x0000000008007870       0x74
                0x0000000008007870                . = ALIGN (0x4)
 *(.rodata)
 .rodata        0x0000000008007870       0x12 Drivers/STM32F1xx_HAL_Driver/Src/stm32f1xx_hal_rcc.o
 *fill*         0x0000000008007882        0x2 
 .rodata        0x0000000008007884       0x46 USB_DEVICE/App/usbd_desc.o
 *(.rodata*)
 *fill*         0x00000000080078ca        0x2 
 .rodata.AHBPrescTable
                0x00000000080078cc       0x10 Core/Src/system_stm32f1xx.o
                0x00000000080078cc                AHBPrescTable
 .rodata.APBPrescTable
                0x00000000080078dc        0x8 Core/Src/system_stm32f1xx.o
                0x00000000080078dc                APBPrescTable
                0x00000000080078e4                . = ALIGN (0x4)

.rel.dyn        0x00000000080078e4        0x0
 .rel.iplt      0x00000000080078e4        0x0 c:/st/stm32cubeide_1.4.0/stm32cubeide/plugins/com.st.stm32cube.ide.mcu.externaltools.gnu-tools-for-stm32.7-2018-q2-update.win32_1.4.0.202007081208/tools/bin/../lib/gcc/arm-none-eabi/7.3.1/thumb/v7-m/crtbegin.o

.ARM.extab      0x00000000080078e4        0x0
                0x00000000080078e4                . = ALIGN (0x4)
 *(.ARM.extab* .gnu.linkonce.armextab.*)
                0x00000000080078e4                . = ALIGN (0x4)

.ARM            0x00000000080078e4        0x0
                0x00000000080078e4                . = ALIGN (0x4)
                0x00000000080078e4                __exidx_start = .
 *(.ARM.exidx*)
                0x00000000080078e4                __exidx_end = .
                0x00000000080078e4                . = ALIGN (0x4)

.preinit_array  0x00000000080078e4        0x0
                0x00000000080078e4                . = ALIGN (0x4)
                0x00000000080078e4                PROVIDE (__preinit_array_start = .)
 *(.preinit_array*)
                0x00000000080078e4                PROVIDE (__preinit_array_end = .)
                0x00000000080078e4                . = ALIGN (0x4)

.init_array     0x00000000080078e4        0x4
                0x00000000080078e4                . = ALIGN (0x4)
                0x00000000080078e4                PROVIDE (__init_array_start = .)
 *(SORT_BY_NAME(.init_array.*))
 *(.init_array*)
 .init_array    0x00000000080078e4        0x4 c:/st/stm32cubeide_1.4.0/stm32cubeide/plugins/com.st.stm32cube.ide.mcu.externaltools.gnu-tools-for-stm32.7-2018-q2-update.win32_1.4.0.202007081208/tools/bin/../lib/gcc/arm-none-eabi/7.3.1/thumb/v7-m/crtbegin.o
                0x00000000080078e8                PROVIDE (__init_array_end = .)
                0x00000000080078e8                . = ALIGN (0x4)

.fini_array     0x00000000080078e8        0x4
                0x00000000080078e8                . = ALIGN (0x4)
                [!provide]                        PROVIDE (__fini_array_start = .)
 *(SORT_BY_NAME(.fini_array.*))
 *(.fini_array*)
 .fini_array    0x00000000080078e8        0x4 c:/st/stm32cubeide_1.4.0/stm32cubeide/plugins/com.st.stm32cube.ide.mcu.externaltools.gnu-tools-for-stm32.7-2018-q2-update.win32_1.4.0.202007081208/tools/bin/../lib/gcc/arm-none-eabi/7.3.1/thumb/v7-m/crtbegin.o
                [!provide]                        PROVIDE (__fini_array_end = .)
                0x00000000080078ec                . = ALIGN (0x4)
                0x00000000080078ec                _sidata = LOADADDR (.data)

.data           0x0000000020000000      0x188 load address 0x00000000080078ec
                0x0000000020000000                . = ALIGN (0x4)
                0x0000000020000000                _sdata = .
 *(.data)
 *(.data*)
 .data.LfCr     0x0000000020000000        0x4 Core/Src/main.o
                0x0000000020000000                LfCr
 .data.sendDat  0x0000000020000004        0x6 Core/Src/main.o
                0x0000000020000004                sendDat
 *fill*         0x000000002000000a        0x2 
 .data.SystemCoreClock
                0x000000002000000c        0x4 Core/Src/system_stm32f1xx.o
                0x000000002000000c                SystemCoreClock
 .data.uwTickPrio
                0x0000000020000010        0x4 Drivers/STM32F1xx_HAL_Driver/Src/stm32f1xx_hal.o
                0x0000000020000010                uwTickPrio
 .data.uwTickFreq
                0x0000000020000014        0x1 Drivers/STM32F1xx_HAL_Driver/Src/stm32f1xx_hal.o
                0x0000000020000014                uwTickFreq
 *fill*         0x0000000020000015        0x3 
 .data.USBD_CDC_DeviceQualifierDesc
                0x0000000020000018        0xa Middlewares/ST/STM32_USB_Device_Library/Class/CDC/Src/usbd_cdc.o
 *fill*         0x0000000020000022        0x2 
 .data.USBD_CDC
                0x0000000020000024       0x38 Middlewares/ST/STM32_USB_Device_Library/Class/CDC/Src/usbd_cdc.o
                0x0000000020000024                USBD_CDC
 .data.USBD_CDC_CfgHSDesc
                0x000000002000005c       0x43 Middlewares/ST/STM32_USB_Device_Library/Class/CDC/Src/usbd_cdc.o
                0x000000002000005c                USBD_CDC_CfgHSDesc
 *fill*         0x000000002000009f        0x1 
 .data.USBD_CDC_CfgFSDesc
                0x00000000200000a0       0x43 Middlewares/ST/STM32_USB_Device_Library/Class/CDC/Src/usbd_cdc.o
                0x00000000200000a0                USBD_CDC_CfgFSDesc
 *fill*         0x00000000200000e3        0x1 
 .data.USBD_CDC_OtherSpeedCfgDesc
                0x00000000200000e4       0x43 Middlewares/ST/STM32_USB_Device_Library/Class/CDC/Src/usbd_cdc.o
                0x00000000200000e4                USBD_CDC_OtherSpeedCfgDesc
 *fill*         0x0000000020000127        0x1 
 .data.USBD_Interface_fops_FS
                0x0000000020000128       0x10 USB_DEVICE/App/usbd_cdc_if.o
                0x0000000020000128                USBD_Interface_fops_FS
 .data.FS_Desc  0x0000000020000138       0x1c USB_DEVICE/App/usbd_desc.o
                0x0000000020000138                FS_Desc
 .data.USBD_FS_DeviceDesc
                0x0000000020000154       0x12 USB_DEVICE/App/usbd_desc.o
                0x0000000020000154                USBD_FS_DeviceDesc
 *fill*         0x0000000020000166        0x2 
 .data.USBD_LangIDDesc
                0x0000000020000168        0x4 USB_DEVICE/App/usbd_desc.o
                0x0000000020000168                USBD_LangIDDesc
 .data.USBD_StringSerial
                0x000000002000016c       0x1a USB_DEVICE/App/usbd_desc.o
                0x000000002000016c                USBD_StringSerial
                0x0000000020000188                . = ALIGN (0x4)
 *fill*         0x0000000020000186        0x2 
                0x0000000020000188                _edata = .

.igot.plt       0x0000000020000188        0x0 load address 0x0000000008007a74
 .igot.plt      0x0000000020000188        0x0 c:/st/stm32cubeide_1.4.0/stm32cubeide/plugins/com.st.stm32cube.ide.mcu.externaltools.gnu-tools-for-stm32.7-2018-q2-update.win32_1.4.0.202007081208/tools/bin/../lib/gcc/arm-none-eabi/7.3.1/thumb/v7-m/crtbegin.o
                0x0000000020000188                . = ALIGN (0x4)

.bss            0x0000000020000188     0x1218 load address 0x0000000008007a74
                0x0000000020000188                _sbss = .
                0x0000000020000188                __bss_start__ = _sbss
 *(.bss)
 .bss           0x0000000020000188       0x1c c:/st/stm32cubeide_1.4.0/stm32cubeide/plugins/com.st.stm32cube.ide.mcu.externaltools.gnu-tools-for-stm32.7-2018-q2-update.win32_1.4.0.202007081208/tools/bin/../lib/gcc/arm-none-eabi/7.3.1/thumb/v7-m/crtbegin.o
 *(.bss*)
 .bss.UART1_rxBuffer
                0x00000000200001a4        0x7 Core/Src/main.o
                0x00000000200001a4                UART1_rxBuffer
 *fill*         0x00000000200001ab        0x1 
 .bss.address   0x00000000200001ac        0x2 Core/Src/main.o
                0x00000000200001ac                address
 *fill*         0x00000000200001ae        0x2 
 .bss.sendAddrF
                0x00000000200001b0        0x4 Core/Src/main.o
                0x00000000200001b0                sendAddrF
 .bss.cfgidx.7757
                0x00000000200001b4        0x1 Middlewares/ST/STM32_USB_Device_Library/Core/Src/usbd_ctlreq.o
 *fill*         0x00000000200001b5        0x3 
 .bss.mem.7825  0x00000000200001b8      0x220 USB_DEVICE/Target/usbd_conf.o
 *(COMMON)
 COMMON         0x00000000200003d8       0x44 Core/Src/main.o
                0x00000000200003d8                huart1
                0x0000000020000418                strDat
 COMMON         0x000000002000041c        0x4 Drivers/STM32F1xx_HAL_Driver/Src/stm32f1xx_hal.o
                0x000000002000041c                uwTick
 COMMON         0x0000000020000420      0x2c4 USB_DEVICE/App/usb_device.o
                0x0000000020000420                hUsbDeviceFS
 COMMON         0x00000000200006e4      0x7d0 USB_DEVICE/App/usbd_cdc_if.o
                0x00000000200006e4                UserRxBufferFS
                0x0000000020000acc                UserTxBufferFS
 COMMON         0x0000000020000eb4      0x200 USB_DEVICE/App/usbd_desc.o
                0x0000000020000eb4                USBD_StrDesc
 COMMON         0x00000000200010b4      0x2ec USB_DEVICE/Target/usbd_conf.o
                0x00000000200010b4                hpcd_USB_FS
                0x00000000200013a0                . = ALIGN (0x4)
                0x00000000200013a0                _ebss = .
                0x00000000200013a0                __bss_end__ = _ebss

._user_heap_stack
                0x00000000200013a0      0x600 load address 0x0000000008007a74
                0x00000000200013a0                . = ALIGN (0x8)
                [!provide]                        PROVIDE (end = .)
                0x00000000200013a0                PROVIDE (_end = .)
                0x00000000200015a0                . = (. + _Min_Heap_Size)
 *fill*         0x00000000200013a0      0x200 
                0x00000000200019a0                . = (. + _Min_Stack_Size)
 *fill*         0x00000000200015a0      0x400 
                0x00000000200019a0                . = ALIGN (0x8)

/DISCARD/
 libc.a(*)
 libm.a(*)
 libgcc.a(*)

.ARM.attributes
                0x0000000000000000       0x29
 *(.ARM.attributes)
 .ARM.attributes
                0x0000000000000000       0x1d c:/st/stm32cubeide_1.4.0/stm32cubeide/plugins/com.st.stm32cube.ide.mcu.externaltools.gnu-tools-for-stm32.7-2018-q2-update.win32_1.4.0.202007081208/tools/bin/../lib/gcc/arm-none-eabi/7.3.1/thumb/v7-m/crti.o
 .ARM.attributes
                0x000000000000001d       0x2d c:/st/stm32cubeide_1.4.0/stm32cubeide/plugins/com.st.stm32cube.ide.mcu.externaltools.gnu-tools-for-stm32.7-2018-q2-update.win32_1.4.0.202007081208/tools/bin/../lib/gcc/arm-none-eabi/7.3.1/thumb/v7-m/crtbegin.o
 .ARM.attributes
                0x000000000000004a       0x33 Core/Src/main.o
 .ARM.attributes
                0x000000000000007d       0x33 Core/Src/stm32f1xx_hal_msp.o
 .ARM.attributes
                0x00000000000000b0       0x33 Core/Src/stm32f1xx_it.o
 .ARM.attributes
                0x00000000000000e3       0x33 Core/Src/system_stm32f1xx.o
 .ARM.attributes
                0x0000000000000116       0x21 Core/Startup/startup_stm32f103c8tx.o
 .ARM.attributes
                0x0000000000000137       0x33 Drivers/STM32F1xx_HAL_Driver/Src/stm32f1xx_hal.o
 .ARM.attributes
                0x000000000000016a       0x33 Drivers/STM32F1xx_HAL_Driver/Src/stm32f1xx_hal_cortex.o
 .ARM.attributes
                0x000000000000019d       0x33 Drivers/STM32F1xx_HAL_Driver/Src/stm32f1xx_hal_dma.o
 .ARM.attributes
                0x00000000000001d0       0x33 Drivers/STM32F1xx_HAL_Driver/Src/stm32f1xx_hal_gpio.o
 .ARM.attributes
                0x0000000000000203       0x33 Drivers/STM32F1xx_HAL_Driver/Src/stm32f1xx_hal_pcd.o
 .ARM.attributes
                0x0000000000000236       0x33 Drivers/STM32F1xx_HAL_Driver/Src/stm32f1xx_hal_pcd_ex.o
 .ARM.attributes
                0x0000000000000269       0x33 Drivers/STM32F1xx_HAL_Driver/Src/stm32f1xx_hal_rcc.o
 .ARM.attributes
                0x000000000000029c       0x33 Drivers/STM32F1xx_HAL_Driver/Src/stm32f1xx_hal_rcc_ex.o
 .ARM.attributes
                0x00000000000002cf       0x33 Drivers/STM32F1xx_HAL_Driver/Src/stm32f1xx_hal_uart.o
 .ARM.attributes
                0x0000000000000302       0x33 Drivers/STM32F1xx_HAL_Driver/Src/stm32f1xx_ll_usb.o
 .ARM.attributes
                0x0000000000000335       0x33 Middlewares/ST/STM32_USB_Device_Library/Class/CDC/Src/usbd_cdc.o
 .ARM.attributes
                0x0000000000000368       0x33 Middlewares/ST/STM32_USB_Device_Library/Core/Src/usbd_core.o
 .ARM.attributes
                0x000000000000039b       0x33 Middlewares/ST/STM32_USB_Device_Library/Core/Src/usbd_ctlreq.o
 .ARM.attributes
                0x00000000000003ce       0x33 Middlewares/ST/STM32_USB_Device_Library/Core/Src/usbd_ioreq.o
 .ARM.attributes
                0x0000000000000401       0x33 USB_DEVICE/App/usb_device.o
 .ARM.attributes
                0x0000000000000434       0x33 USB_DEVICE/App/usbd_cdc_if.o
 .ARM.attributes
                0x0000000000000467       0x33 USB_DEVICE/App/usbd_desc.o
 .ARM.attributes
                0x000000000000049a       0x33 USB_DEVICE/Target/usbd_conf.o
 .ARM.attributes
                0x00000000000004cd       0x2d c:/st/stm32cubeide_1.4.0/stm32cubeide/plugins/com.st.stm32cube.ide.mcu.externaltools.gnu-tools-for-stm32.7-2018-q2-update.win32_1.4.0.202007081208/tools/bin/../lib/gcc/arm-none-eabi/7.3.1/../../../../arm-none-eabi/lib/thumb/v7-m\libc_nano.a(lib_a-init.o)
 .ARM.attributes
                0x00000000000004fa       0x2d c:/st/stm32cubeide_1.4.0/stm32cubeide/plugins/com.st.stm32cube.ide.mcu.externaltools.gnu-tools-for-stm32.7-2018-q2-update.win32_1.4.0.202007081208/tools/bin/../lib/gcc/arm-none-eabi/7.3.1/../../../../arm-none-eabi/lib/thumb/v7-m\libc_nano.a(lib_a-memset.o)
 .ARM.attributes
                0x0000000000000527       0x1d c:/st/stm32cubeide_1.4.0/stm32cubeide/plugins/com.st.stm32cube.ide.mcu.externaltools.gnu-tools-for-stm32.7-2018-q2-update.win32_1.4.0.202007081208/tools/bin/../lib/gcc/arm-none-eabi/7.3.1/thumb/v7-m/crtn.o
OUTPUT(Uartslave.elf elf32-littlearm)

.debug_info     0x0000000000000000    0x12d9a
 .debug_info    0x0000000000000000     0x129c Core/Src/main.o
 .debug_info    0x000000000000129c      0x978 Core/Src/stm32f1xx_hal_msp.o
 .debug_info    0x0000000000001c14      0xa91 Core/Src/stm32f1xx_it.o
 .debug_info    0x00000000000026a5      0x29a Core/Src/system_stm32f1xx.o
 .debug_info    0x000000000000293f       0x22 Core/Startup/startup_stm32f103c8tx.o
 .debug_info    0x0000000000002961      0x714 Drivers/STM32F1xx_HAL_Driver/Src/stm32f1xx_hal.o
 .debug_info    0x0000000000003075      0xb51 Drivers/STM32F1xx_HAL_Driver/Src/stm32f1xx_hal_cortex.o
 .debug_info    0x0000000000003bc6      0x7b1 Drivers/STM32F1xx_HAL_Driver/Src/stm32f1xx_hal_dma.o
 .debug_info    0x0000000000004377      0x69b Drivers/STM32F1xx_HAL_Driver/Src/stm32f1xx_hal_gpio.o
 .debug_info    0x0000000000004a12     0x122f Drivers/STM32F1xx_HAL_Driver/Src/stm32f1xx_hal_pcd.o
 .debug_info    0x0000000000005c41      0x785 Drivers/STM32F1xx_HAL_Driver/Src/stm32f1xx_hal_pcd_ex.o
 .debug_info    0x00000000000063c6      0x80f Drivers/STM32F1xx_HAL_Driver/Src/stm32f1xx_hal_rcc.o
 .debug_info    0x0000000000006bd5      0x444 Drivers/STM32F1xx_HAL_Driver/Src/stm32f1xx_hal_rcc_ex.o
 .debug_info    0x0000000000007019     0x121b Drivers/STM32F1xx_HAL_Driver/Src/stm32f1xx_hal_uart.o
 .debug_info    0x0000000000008234     0x17e7 Drivers/STM32F1xx_HAL_Driver/Src/stm32f1xx_ll_usb.o
 .debug_info    0x0000000000009a1b     0x17b6 Middlewares/ST/STM32_USB_Device_Library/Class/CDC/Src/usbd_cdc.o
 .debug_info    0x000000000000b1d1     0x11d2 Middlewares/ST/STM32_USB_Device_Library/Core/Src/usbd_core.o
 .debug_info    0x000000000000c3a3     0x1142 Middlewares/ST/STM32_USB_Device_Library/Core/Src/usbd_ctlreq.o
 .debug_info    0x000000000000d4e5      0xf33 Middlewares/ST/STM32_USB_Device_Library/Core/Src/usbd_ioreq.o
 .debug_info    0x000000000000e418      0xe7b USB_DEVICE/App/usb_device.o
 .debug_info    0x000000000000f293     0x1036 USB_DEVICE/App/usbd_cdc_if.o
 .debug_info    0x00000000000102c9      0xd17 USB_DEVICE/App/usbd_desc.o
 .debug_info    0x0000000000010fe0     0x1dba USB_DEVICE/Target/usbd_conf.o

.debug_abbrev   0x0000000000000000     0x2e3f
 .debug_abbrev  0x0000000000000000      0x286 Core/Src/main.o
 .debug_abbrev  0x0000000000000286      0x195 Core/Src/stm32f1xx_hal_msp.o
 .debug_abbrev  0x000000000000041b      0x174 Core/Src/stm32f1xx_it.o
 .debug_abbrev  0x000000000000058f      0x134 Core/Src/system_stm32f1xx.o
 .debug_abbrev  0x00000000000006c3       0x12 Core/Startup/startup_stm32f103c8tx.o
 .debug_abbrev  0x00000000000006d5      0x1c7 Drivers/STM32F1xx_HAL_Driver/Src/stm32f1xx_hal.o
 .debug_abbrev  0x000000000000089c      0x2d5 Drivers/STM32F1xx_HAL_Driver/Src/stm32f1xx_hal_cortex.o
 .debug_abbrev  0x0000000000000b71      0x1fe Drivers/STM32F1xx_HAL_Driver/Src/stm32f1xx_hal_dma.o
 .debug_abbrev  0x0000000000000d6f      0x1c0 Drivers/STM32F1xx_HAL_Driver/Src/stm32f1xx_hal_gpio.o
 .debug_abbrev  0x0000000000000f2f      0x268 Drivers/STM32F1xx_HAL_Driver/Src/stm32f1xx_hal_pcd.o
 .debug_abbrev  0x0000000000001197      0x188 Drivers/STM32F1xx_HAL_Driver/Src/stm32f1xx_hal_pcd_ex.o
 .debug_abbrev  0x000000000000131f      0x243 Drivers/STM32F1xx_HAL_Driver/Src/stm32f1xx_hal_rcc.o
 .debug_abbrev  0x0000000000001562      0x175 Drivers/STM32F1xx_HAL_Driver/Src/stm32f1xx_hal_rcc_ex.o
 .debug_abbrev  0x00000000000016d7      0x242 Drivers/STM32F1xx_HAL_Driver/Src/stm32f1xx_hal_uart.o
 .debug_abbrev  0x0000000000001919      0x1d2 Drivers/STM32F1xx_HAL_Driver/Src/stm32f1xx_ll_usb.o
 .debug_abbrev  0x0000000000001aeb      0x2b6 Middlewares/ST/STM32_USB_Device_Library/Class/CDC/Src/usbd_cdc.o
 .debug_abbrev  0x0000000000001da1      0x270 Middlewares/ST/STM32_USB_Device_Library/Core/Src/usbd_core.o
 .debug_abbrev  0x0000000000002011      0x2a0 Middlewares/ST/STM32_USB_Device_Library/Core/Src/usbd_ctlreq.o
 .debug_abbrev  0x00000000000022b1      0x1e0 Middlewares/ST/STM32_USB_Device_Library/Core/Src/usbd_ioreq.o
 .debug_abbrev  0x0000000000002491      0x1be USB_DEVICE/App/usb_device.o
 .debug_abbrev  0x000000000000264f      0x285 USB_DEVICE/App/usbd_cdc_if.o
 .debug_abbrev  0x00000000000028d4      0x290 USB_DEVICE/App/usbd_desc.o
 .debug_abbrev  0x0000000000002b64      0x2db USB_DEVICE/Target/usbd_conf.o

.debug_aranges  0x0000000000000000      0xcd8
 .debug_aranges
                0x0000000000000000       0x48 Core/Src/main.o
 .debug_aranges
                0x0000000000000048       0x30 Core/Src/stm32f1xx_hal_msp.o
 .debug_aranges
                0x0000000000000078       0x70 Core/Src/stm32f1xx_it.o
 .debug_aranges
                0x00000000000000e8       0x28 Core/Src/system_stm32f1xx.o
 .debug_aranges
                0x0000000000000110       0x28 Core/Startup/startup_stm32f103c8tx.o
 .debug_aranges
                0x0000000000000138       0xe0 Drivers/STM32F1xx_HAL_Driver/Src/stm32f1xx_hal.o
 .debug_aranges
                0x0000000000000218      0x100 Drivers/STM32F1xx_HAL_Driver/Src/stm32f1xx_hal_cortex.o
 .debug_aranges
                0x0000000000000318       0x80 Drivers/STM32F1xx_HAL_Driver/Src/stm32f1xx_hal_dma.o
 .debug_aranges
                0x0000000000000398       0x58 Drivers/STM32F1xx_HAL_Driver/Src/stm32f1xx_hal_gpio.o
 .debug_aranges
                0x00000000000003f0      0x138 Drivers/STM32F1xx_HAL_Driver/Src/stm32f1xx_hal_pcd.o
 .debug_aranges
                0x0000000000000528       0x38 Drivers/STM32F1xx_HAL_Driver/Src/stm32f1xx_hal_pcd_ex.o
 .debug_aranges
                0x0000000000000560       0x90 Drivers/STM32F1xx_HAL_Driver/Src/stm32f1xx_hal_rcc.o
 .debug_aranges
                0x00000000000005f0       0x30 Drivers/STM32F1xx_HAL_Driver/Src/stm32f1xx_hal_rcc_ex.o
 .debug_aranges
                0x0000000000000620      0x1d0 Drivers/STM32F1xx_HAL_Driver/Src/stm32f1xx_hal_uart.o
 .debug_aranges
                0x00000000000007f0       0xf0 Drivers/STM32F1xx_HAL_Driver/Src/stm32f1xx_ll_usb.o
 .debug_aranges
                0x00000000000008e0       0x90 Middlewares/ST/STM32_USB_Device_Library/Class/CDC/Src/usbd_cdc.o
 .debug_aranges
                0x0000000000000970       0xb8 Middlewares/ST/STM32_USB_Device_Library/Core/Src/usbd_core.o
 .debug_aranges
                0x0000000000000a28       0x88 Middlewares/ST/STM32_USB_Device_Library/Core/Src/usbd_ctlreq.o
 .debug_aranges
                0x0000000000000ab0       0x50 Middlewares/ST/STM32_USB_Device_Library/Core/Src/usbd_ioreq.o
 .debug_aranges
                0x0000000000000b00       0x20 USB_DEVICE/App/usb_device.o
 .debug_aranges
                0x0000000000000b20       0x40 USB_DEVICE/App/usbd_cdc_if.o
 .debug_aranges
                0x0000000000000b60       0x60 USB_DEVICE/App/usbd_desc.o
 .debug_aranges
                0x0000000000000bc0      0x118 USB_DEVICE/Target/usbd_conf.o

.debug_ranges   0x0000000000000000      0xb70
 .debug_ranges  0x0000000000000000       0x38 Core/Src/main.o
 .debug_ranges  0x0000000000000038       0x20 Core/Src/stm32f1xx_hal_msp.o
 .debug_ranges  0x0000000000000058       0x60 Core/Src/stm32f1xx_it.o
 .debug_ranges  0x00000000000000b8       0x18 Core/Src/system_stm32f1xx.o
 .debug_ranges  0x00000000000000d0       0x20 Core/Startup/startup_stm32f103c8tx.o
 .debug_ranges  0x00000000000000f0       0xd0 Drivers/STM32F1xx_HAL_Driver/Src/stm32f1xx_hal.o
 .debug_ranges  0x00000000000001c0       0xf0 Drivers/STM32F1xx_HAL_Driver/Src/stm32f1xx_hal_cortex.o
 .debug_ranges  0x00000000000002b0       0x70 Drivers/STM32F1xx_HAL_Driver/Src/stm32f1xx_hal_dma.o
 .debug_ranges  0x0000000000000320       0x48 Drivers/STM32F1xx_HAL_Driver/Src/stm32f1xx_hal_gpio.o
 .debug_ranges  0x0000000000000368      0x128 Drivers/STM32F1xx_HAL_Driver/Src/stm32f1xx_hal_pcd.o
 .debug_ranges  0x0000000000000490       0x28 Drivers/STM32F1xx_HAL_Driver/Src/stm32f1xx_hal_pcd_ex.o
 .debug_ranges  0x00000000000004b8       0x80 Drivers/STM32F1xx_HAL_Driver/Src/stm32f1xx_hal_rcc.o
 .debug_ranges  0x0000000000000538       0x20 Drivers/STM32F1xx_HAL_Driver/Src/stm32f1xx_hal_rcc_ex.o
 .debug_ranges  0x0000000000000558      0x1c0 Drivers/STM32F1xx_HAL_Driver/Src/stm32f1xx_hal_uart.o
 .debug_ranges  0x0000000000000718       0xe0 Drivers/STM32F1xx_HAL_Driver/Src/stm32f1xx_ll_usb.o
 .debug_ranges  0x00000000000007f8       0x80 Middlewares/ST/STM32_USB_Device_Library/Class/CDC/Src/usbd_cdc.o
 .debug_ranges  0x0000000000000878       0xa8 Middlewares/ST/STM32_USB_Device_Library/Core/Src/usbd_core.o
 .debug_ranges  0x0000000000000920       0x78 Middlewares/ST/STM32_USB_Device_Library/Core/Src/usbd_ctlreq.o
 .debug_ranges  0x0000000000000998       0x40 Middlewares/ST/STM32_USB_Device_Library/Core/Src/usbd_ioreq.o
 .debug_ranges  0x00000000000009d8       0x10 USB_DEVICE/App/usb_device.o
 .debug_ranges  0x00000000000009e8       0x30 USB_DEVICE/App/usbd_cdc_if.o
 .debug_ranges  0x0000000000000a18       0x50 USB_DEVICE/App/usbd_desc.o
 .debug_ranges  0x0000000000000a68      0x108 USB_DEVICE/Target/usbd_conf.o

.debug_macro    0x0000000000000000    0x19bf0
 .debug_macro   0x0000000000000000      0x39e Core/Src/main.o
 .debug_macro   0x000000000000039e      0xa5a Core/Src/main.o
 .debug_macro   0x0000000000000df8      0x21b Core/Src/main.o
 .debug_macro   0x0000000000001013       0x2e Core/Src/main.o
 .debug_macro   0x0000000000001041       0x22 Core/Src/main.o
 .debug_macro   0x0000000000001063       0x22 Core/Src/main.o
 .debug_macro   0x0000000000001085       0x8e Core/Src/main.o
 .debug_macro   0x0000000000001113       0x51 Core/Src/main.o
 .debug_macro   0x0000000000001164       0xef Core/Src/main.o
 .debug_macro   0x0000000000001253       0x6a Core/Src/main.o
 .debug_macro   0x00000000000012bd      0x1df Core/Src/main.o
 .debug_macro   0x000000000000149c       0x1c Core/Src/main.o
 .debug_macro   0x00000000000014b8       0x22 Core/Src/main.o
 .debug_macro   0x00000000000014da       0xc3 Core/Src/main.o
 .debug_macro   0x000000000000159d      0xd23 Core/Src/main.o
 .debug_macro   0x00000000000022c0     0xe097 Core/Src/main.o
 .debug_macro   0x0000000000010357       0x43 Core/Src/main.o
 .debug_macro   0x000000000001039a     0x3468 Core/Src/main.o
 .debug_macro   0x0000000000013802      0x174 Core/Src/main.o
 .debug_macro   0x0000000000013976       0x5c Core/Src/main.o
 .debug_macro   0x00000000000139d2      0x5be Core/Src/main.o
 .debug_macro   0x0000000000013f90      0x289 Core/Src/main.o
 .debug_macro   0x0000000000014219      0x1cb Core/Src/main.o
 .debug_macro   0x00000000000143e4      0x114 Core/Src/main.o
 .debug_macro   0x00000000000144f8      0x1b2 Core/Src/main.o
 .debug_macro   0x00000000000146aa       0x27 Core/Src/main.o
 .debug_macro   0x00000000000146d1      0x136 Core/Src/main.o
 .debug_macro   0x0000000000014807      0x1bc Core/Src/main.o
 .debug_macro   0x00000000000149c3       0x34 Core/Src/main.o
 .debug_macro   0x00000000000149f7       0x3c Core/Src/main.o
 .debug_macro   0x0000000000014a33       0x57 Core/Src/main.o
 .debug_macro   0x0000000000014a8a       0x88 Core/Src/main.o
 .debug_macro   0x0000000000014b12      0x241 Core/Src/main.o
 .debug_macro   0x0000000000014d53      0x141 Core/Src/main.o
 .debug_macro   0x0000000000014e94      0x26b Core/Src/main.o
 .debug_macro   0x00000000000150ff       0x65 Core/Src/main.o
 .debug_macro   0x0000000000015164      0x249 Core/Src/main.o
 .debug_macro   0x00000000000153ad       0x83 Core/Src/main.o
 .debug_macro   0x0000000000015430       0x46 Core/Src/main.o
 .debug_macro   0x0000000000015476       0x18 Core/Src/main.o
 .debug_macro   0x000000000001548e       0x3c Core/Src/main.o
 .debug_macro   0x00000000000154ca       0x34 Core/Src/main.o
 .debug_macro   0x00000000000154fe       0x16 Core/Src/main.o
 .debug_macro   0x0000000000015514       0x35 Core/Src/main.o
 .debug_macro   0x0000000000015549      0x32a Core/Src/main.o
 .debug_macro   0x0000000000015873       0x10 Core/Src/main.o
 .debug_macro   0x0000000000015883       0x52 Core/Src/main.o
 .debug_macro   0x00000000000158d5       0x1f Core/Src/main.o
 .debug_macro   0x00000000000158f4       0x43 Core/Src/main.o
 .debug_macro   0x0000000000015937       0x20 Core/Src/main.o
 .debug_macro   0x0000000000015957      0x1a3 Core/Src/main.o
 .debug_macro   0x0000000000015afa       0x10 Core/Src/main.o
 .debug_macro   0x0000000000015b0a       0x1c Core/Src/main.o
 .debug_macro   0x0000000000015b26       0x52 Core/Src/main.o
 .debug_macro   0x0000000000015b78       0x40 Core/Src/main.o
 .debug_macro   0x0000000000015bb8       0x10 Core/Src/main.o
 .debug_macro   0x0000000000015bc8       0x40 Core/Src/main.o
 .debug_macro   0x0000000000015c08       0xd7 Core/Src/main.o
 .debug_macro   0x0000000000015cdf       0x1c Core/Src/main.o
 .debug_macro   0x0000000000015cfb       0x3d Core/Src/main.o
 .debug_macro   0x0000000000015d38       0x16 Core/Src/main.o
 .debug_macro   0x0000000000015d4e      0x145 Core/Src/main.o
 .debug_macro   0x0000000000015e93       0x16 Core/Src/main.o
 .debug_macro   0x0000000000015ea9       0x16 Core/Src/main.o
 .debug_macro   0x0000000000015ebf       0x29 Core/Src/main.o
 .debug_macro   0x0000000000015ee8       0x16 Core/Src/main.o
 .debug_macro   0x0000000000015efe       0x20 Core/Src/main.o
 .debug_macro   0x0000000000015f1e       0x60 Core/Src/main.o
 .debug_macro   0x0000000000015f7e      0x1c8 Core/Src/main.o
 .debug_macro   0x0000000000016146      0x1bc Core/Src/stm32f1xx_hal_msp.o
 .debug_macro   0x0000000000016302      0x1c6 Core/Src/stm32f1xx_it.o
 .debug_macro   0x00000000000164c8      0x1b2 Core/Src/system_stm32f1xx.o
 .debug_macro   0x000000000001667a      0x1d6 Drivers/STM32F1xx_HAL_Driver/Src/stm32f1xx_hal.o
 .debug_macro   0x0000000000016850      0x1b2 Drivers/STM32F1xx_HAL_Driver/Src/stm32f1xx_hal_cortex.o
 .debug_macro   0x0000000000016a02      0x1b2 Drivers/STM32F1xx_HAL_Driver/Src/stm32f1xx_hal_dma.o
 .debug_macro   0x0000000000016bb4      0x21d Drivers/STM32F1xx_HAL_Driver/Src/stm32f1xx_hal_gpio.o
 .debug_macro   0x0000000000016dd1      0x1be Drivers/STM32F1xx_HAL_Driver/Src/stm32f1xx_hal_pcd.o
 .debug_macro   0x0000000000016f8f      0x1b2 Drivers/STM32F1xx_HAL_Driver/Src/stm32f1xx_hal_pcd_ex.o
 .debug_macro   0x0000000000017141      0x1c4 Drivers/STM32F1xx_HAL_Driver/Src/stm32f1xx_hal_rcc.o
 .debug_macro   0x0000000000017305      0x1b2 Drivers/STM32F1xx_HAL_Driver/Src/stm32f1xx_hal_rcc_ex.o
 .debug_macro   0x00000000000174b7      0x1b3 Drivers/STM32F1xx_HAL_Driver/Src/stm32f1xx_hal_uart.o
 .debug_macro   0x000000000001766a      0x1b2 Drivers/STM32F1xx_HAL_Driver/Src/stm32f1xx_ll_usb.o
 .debug_macro   0x000000000001781c      0x3c9 Middlewares/ST/STM32_USB_Device_Library/Class/CDC/Src/usbd_cdc.o
 .debug_macro   0x0000000000017be5       0x97 Middlewares/ST/STM32_USB_Device_Library/Class/CDC/Src/usbd_cdc.o
 .debug_macro   0x0000000000017c7c       0xfd Middlewares/ST/STM32_USB_Device_Library/Class/CDC/Src/usbd_cdc.o
 .debug_macro   0x0000000000017d79       0xbd Middlewares/ST/STM32_USB_Device_Library/Class/CDC/Src/usbd_cdc.o
 .debug_macro   0x0000000000017e36       0x56 Middlewares/ST/STM32_USB_Device_Library/Class/CDC/Src/usbd_cdc.o
 .debug_macro   0x0000000000017e8c       0x8f Middlewares/ST/STM32_USB_Device_Library/Class/CDC/Src/usbd_cdc.o
 .debug_macro   0x0000000000017f1b      0x3b0 Middlewares/ST/STM32_USB_Device_Library/Core/Src/usbd_core.o
 .debug_macro   0x00000000000182cb      0x1ce Middlewares/ST/STM32_USB_Device_Library/Core/Src/usbd_core.o
 .debug_macro   0x0000000000018499      0x3ba Middlewares/ST/STM32_USB_Device_Library/Core/Src/usbd_ctlreq.o
 .debug_macro   0x0000000000018853      0x3b6 Middlewares/ST/STM32_USB_Device_Library/Core/Src/usbd_ioreq.o
 .debug_macro   0x0000000000018c09      0x3ef USB_DEVICE/App/usb_device.o
 .debug_macro   0x0000000000018ff8       0x22 USB_DEVICE/App/usb_device.o
 .debug_macro   0x000000000001901a       0x16 USB_DEVICE/App/usb_device.o
 .debug_macro   0x0000000000019030      0x3d4 USB_DEVICE/App/usbd_cdc_if.o
 .debug_macro   0x0000000000019404       0x10 USB_DEVICE/App/usbd_cdc_if.o
 .debug_macro   0x0000000000019414      0x3ed USB_DEVICE/App/usbd_desc.o
 .debug_macro   0x0000000000019801       0x1c USB_DEVICE/App/usbd_desc.o
 .debug_macro   0x000000000001981d      0x3d3 USB_DEVICE/Target/usbd_conf.o

.debug_line     0x0000000000000000     0xdb65
 .debug_line    0x0000000000000000      0x9eb Core/Src/main.o
 .debug_line    0x00000000000009eb      0x6be Core/Src/stm32f1xx_hal_msp.o
 .debug_line    0x00000000000010a9      0x755 Core/Src/stm32f1xx_it.o
 .debug_line    0x00000000000017fe      0x6b5 Core/Src/system_stm32f1xx.o
 .debug_line    0x0000000000001eb3       0x84 Core/Startup/startup_stm32f103c8tx.o
 .debug_line    0x0000000000001f37      0x868 Drivers/STM32F1xx_HAL_Driver/Src/stm32f1xx_hal.o
 .debug_line    0x000000000000279f      0x93f Drivers/STM32F1xx_HAL_Driver/Src/stm32f1xx_hal_cortex.o
 .debug_line    0x00000000000030de      0xacd Drivers/STM32F1xx_HAL_Driver/Src/stm32f1xx_hal_dma.o
 .debug_line    0x0000000000003bab      0x864 Drivers/STM32F1xx_HAL_Driver/Src/stm32f1xx_hal_gpio.o
 .debug_line    0x000000000000440f      0xccc Drivers/STM32F1xx_HAL_Driver/Src/stm32f1xx_hal_pcd.o
 .debug_line    0x00000000000050db      0x6d9 Drivers/STM32F1xx_HAL_Driver/Src/stm32f1xx_hal_pcd_ex.o
 .debug_line    0x00000000000057b4      0x928 Drivers/STM32F1xx_HAL_Driver/Src/stm32f1xx_hal_rcc.o
 .debug_line    0x00000000000060dc      0x746 Drivers/STM32F1xx_HAL_Driver/Src/stm32f1xx_hal_rcc_ex.o
 .debug_line    0x0000000000006822      0xfa6 Drivers/STM32F1xx_HAL_Driver/Src/stm32f1xx_hal_uart.o
 .debug_line    0x00000000000077c8      0xd01 Drivers/STM32F1xx_HAL_Driver/Src/stm32f1xx_ll_usb.o
 .debug_line    0x00000000000084c9      0xb44 Middlewares/ST/STM32_USB_Device_Library/Class/CDC/Src/usbd_cdc.o
 .debug_line    0x000000000000900d      0xb7f Middlewares/ST/STM32_USB_Device_Library/Core/Src/usbd_core.o
 .debug_line    0x0000000000009b8c      0xc08 Middlewares/ST/STM32_USB_Device_Library/Core/Src/usbd_ctlreq.o
 .debug_line    0x000000000000a794      0x9e8 Middlewares/ST/STM32_USB_Device_Library/Core/Src/usbd_ioreq.o
 .debug_line    0x000000000000b17c      0x9ca USB_DEVICE/App/usb_device.o
 .debug_line    0x000000000000bb46      0x9fd USB_DEVICE/App/usbd_cdc_if.o
 .debug_line    0x000000000000c543      0xa1c USB_DEVICE/App/usbd_desc.o
 .debug_line    0x000000000000cf5f      0xc06 USB_DEVICE/Target/usbd_conf.o

.debug_str      0x0000000000000000    0x86d87
 .debug_str     0x0000000000000000    0x83947 Core/Src/main.o
                                      0x83d92 (size before relaxing)
 .debug_str     0x0000000000083947      0x2e2 Core/Src/stm32f1xx_hal_msp.o
                                      0x7f289 (size before relaxing)
 .debug_str     0x0000000000083c29      0x3c0 Core/Src/stm32f1xx_it.o
                                      0x7f2a4 (size before relaxing)
 .debug_str     0x0000000000083fe9       0x52 Core/Src/system_stm32f1xx.o
                                      0x7eb99 (size before relaxing)
 .debug_str     0x000000000008403b       0x36 Core/Startup/startup_stm32f103c8tx.o
                                         0x7c (size before relaxing)
 .debug_str     0x0000000000084071      0x2fa Drivers/STM32F1xx_HAL_Driver/Src/stm32f1xx_hal.o
                                      0x7f22a (size before relaxing)
 .debug_str     0x000000000008436b      0x2d8 Drivers/STM32F1xx_HAL_Driver/Src/stm32f1xx_hal_cortex.o
                                      0x7f232 (size before relaxing)
 .debug_str     0x0000000000084643      0x23a Drivers/STM32F1xx_HAL_Driver/Src/stm32f1xx_hal_dma.o
                                      0x7ef74 (size before relaxing)
 .debug_str     0x000000000008487d      0x31f Drivers/STM32F1xx_HAL_Driver/Src/stm32f1xx_hal_gpio.o
                                      0x7ef5d (size before relaxing)
 .debug_str     0x0000000000084b9c      0x3e5 Drivers/STM32F1xx_HAL_Driver/Src/stm32f1xx_hal_pcd.o
                                      0x7f2ec (size before relaxing)
 .debug_str     0x0000000000084f81      0x18d Drivers/STM32F1xx_HAL_Driver/Src/stm32f1xx_hal_pcd_ex.o
                                      0x7f039 (size before relaxing)
 .debug_str     0x000000000008510e      0x24f Drivers/STM32F1xx_HAL_Driver/Src/stm32f1xx_hal_rcc.o
                                      0x7ef96 (size before relaxing)
 .debug_str     0x000000000008535d       0xb9 Drivers/STM32F1xx_HAL_Driver/Src/stm32f1xx_hal_rcc_ex.o
                                      0x7ed23 (size before relaxing)
 .debug_str     0x0000000000085416      0x51b Drivers/STM32F1xx_HAL_Driver/Src/stm32f1xx_hal_uart.o
                                      0x7f49c (size before relaxing)
 .debug_str     0x0000000000085931      0x2a1 Drivers/STM32F1xx_HAL_Driver/Src/stm32f1xx_ll_usb.o
                                      0x7f06c (size before relaxing)
 .debug_str     0x0000000000085bd2      0x8c9 Middlewares/ST/STM32_USB_Device_Library/Class/CDC/Src/usbd_cdc.o
                                      0x843a5 (size before relaxing)
 .debug_str     0x000000000008649b      0x1b5 Middlewares/ST/STM32_USB_Device_Library/Core/Src/usbd_core.o
                                      0x83ca0 (size before relaxing)
 .debug_str     0x0000000000086650      0x134 Middlewares/ST/STM32_USB_Device_Library/Core/Src/usbd_ctlreq.o
                                      0x83c26 (size before relaxing)
 .debug_str     0x0000000000086784       0xc9 Middlewares/ST/STM32_USB_Device_Library/Core/Src/usbd_ioreq.o
                                      0x83bae (size before relaxing)
 .debug_str     0x000000000008684d      0x118 USB_DEVICE/App/usb_device.o
                                      0x83f15 (size before relaxing)
 .debug_str     0x0000000000086965       0x76 USB_DEVICE/App/usbd_cdc_if.o
                                      0x83f4d (size before relaxing)
 .debug_str     0x00000000000869db      0x258 USB_DEVICE/App/usbd_desc.o
                                      0x83b19 (size before relaxing)
 .debug_str     0x0000000000086c33      0x154 USB_DEVICE/Target/usbd_conf.o
                                      0x847cb (size before relaxing)

.comment        0x0000000000000000       0x7b
 .comment       0x0000000000000000       0x7b Core/Src/main.o
                                         0x7c (size before relaxing)
 .comment       0x000000000000007b       0x7c Core/Src/stm32f1xx_hal_msp.o
 .comment       0x000000000000007b       0x7c Core/Src/stm32f1xx_it.o
 .comment       0x000000000000007b       0x7c Core/Src/system_stm32f1xx.o
 .comment       0x000000000000007b       0x7c Drivers/STM32F1xx_HAL_Driver/Src/stm32f1xx_hal.o
 .comment       0x000000000000007b       0x7c Drivers/STM32F1xx_HAL_Driver/Src/stm32f1xx_hal_cortex.o
 .comment       0x000000000000007b       0x7c Drivers/STM32F1xx_HAL_Driver/Src/stm32f1xx_hal_dma.o
 .comment       0x000000000000007b       0x7c Drivers/STM32F1xx_HAL_Driver/Src/stm32f1xx_hal_gpio.o
 .comment       0x000000000000007b       0x7c Drivers/STM32F1xx_HAL_Driver/Src/stm32f1xx_hal_pcd.o
 .comment       0x000000000000007b       0x7c Drivers/STM32F1xx_HAL_Driver/Src/stm32f1xx_hal_pcd_ex.o
 .comment       0x000000000000007b       0x7c Drivers/STM32F1xx_HAL_Driver/Src/stm32f1xx_hal_rcc.o
 .comment       0x000000000000007b       0x7c Drivers/STM32F1xx_HAL_Driver/Src/stm32f1xx_hal_rcc_ex.o
 .comment       0x000000000000007b       0x7c Drivers/STM32F1xx_HAL_Driver/Src/stm32f1xx_hal_uart.o
 .comment       0x000000000000007b       0x7c Drivers/STM32F1xx_HAL_Driver/Src/stm32f1xx_ll_usb.o
 .comment       0x000000000000007b       0x7c Middlewares/ST/STM32_USB_Device_Library/Class/CDC/Src/usbd_cdc.o
 .comment       0x000000000000007b       0x7c Middlewares/ST/STM32_USB_Device_Library/Core/Src/usbd_core.o
 .comment       0x000000000000007b       0x7c Middlewares/ST/STM32_USB_Device_Library/Core/Src/usbd_ctlreq.o
 .comment       0x000000000000007b       0x7c Middlewares/ST/STM32_USB_Device_Library/Core/Src/usbd_ioreq.o
 .comment       0x000000000000007b       0x7c USB_DEVICE/App/usb_device.o
 .comment       0x000000000000007b       0x7c USB_DEVICE/App/usbd_cdc_if.o
 .comment       0x000000000000007b       0x7c USB_DEVICE/App/usbd_desc.o
 .comment       0x000000000000007b       0x7c USB_DEVICE/Target/usbd_conf.o

.debug_frame    0x0000000000000000     0x3294
 .debug_frame   0x0000000000000000       0xd8 Core/Src/main.o
 .debug_frame   0x00000000000000d8       0x80 Core/Src/stm32f1xx_hal_msp.o
 .debug_frame   0x0000000000000158      0x144 Core/Src/stm32f1xx_it.o
 .debug_frame   0x000000000000029c       0x58 Core/Src/system_stm32f1xx.o
 .debug_frame   0x00000000000002f4      0x334 Drivers/STM32F1xx_HAL_Driver/Src/stm32f1xx_hal.o
 .debug_frame   0x0000000000000628      0x428 Drivers/STM32F1xx_HAL_Driver/Src/stm32f1xx_hal_cortex.o
 .debug_frame   0x0000000000000a50      0x208 Drivers/STM32F1xx_HAL_Driver/Src/stm32f1xx_hal_dma.o
 .debug_frame   0x0000000000000c58      0x14c Drivers/STM32F1xx_HAL_Driver/Src/stm32f1xx_hal_gpio.o
 .debug_frame   0x0000000000000da4      0x578 Drivers/STM32F1xx_HAL_Driver/Src/stm32f1xx_hal_pcd.o
 .debug_frame   0x000000000000131c       0xb0 Drivers/STM32F1xx_HAL_Driver/Src/stm32f1xx_hal_pcd_ex.o
 .debug_frame   0x00000000000013cc      0x21c Drivers/STM32F1xx_HAL_Driver/Src/stm32f1xx_hal_rcc.o
 .debug_frame   0x00000000000015e8       0x84 Drivers/STM32F1xx_HAL_Driver/Src/stm32f1xx_hal_rcc_ex.o
 .debug_frame   0x000000000000166c      0x834 Drivers/STM32F1xx_HAL_Driver/Src/stm32f1xx_hal_uart.o
 .debug_frame   0x0000000000001ea0      0x450 Drivers/STM32F1xx_HAL_Driver/Src/stm32f1xx_ll_usb.o
 .debug_frame   0x00000000000022f0      0x248 Middlewares/ST/STM32_USB_Device_Library/Class/CDC/Src/usbd_cdc.o
 .debug_frame   0x0000000000002538      0x300 Middlewares/ST/STM32_USB_Device_Library/Core/Src/usbd_core.o
 .debug_frame   0x0000000000002838      0x218 Middlewares/ST/STM32_USB_Device_Library/Core/Src/usbd_ctlreq.o
 .debug_frame   0x0000000000002a50      0x10c Middlewares/ST/STM32_USB_Device_Library/Core/Src/usbd_ioreq.o
 .debug_frame   0x0000000000002b5c       0x2c USB_DEVICE/App/usb_device.o
 .debug_frame   0x0000000000002b88       0xbc USB_DEVICE/App/usbd_cdc_if.o
 .debug_frame   0x0000000000002c44      0x160 USB_DEVICE/App/usbd_desc.o
 .debug_frame   0x0000000000002da4      0x4a4 USB_DEVICE/Target/usbd_conf.o
 .debug_frame   0x0000000000003248       0x2c c:/st/stm32cubeide_1.4.0/stm32cubeide/plugins/com.st.stm32cube.ide.mcu.externaltools.gnu-tools-for-stm32.7-2018-q2-update.win32_1.4.0.202007081208/tools/bin/../lib/gcc/arm-none-eabi/7.3.1/../../../../arm-none-eabi/lib/thumb/v7-m\libc_nano.a(lib_a-init.o)
 .debug_frame   0x0000000000003274       0x20 c:/st/stm32cubeide_1.4.0/stm32cubeide/plugins/com.st.stm32cube.ide.mcu.externaltools.gnu-tools-for-stm32.7-2018-q2-update.win32_1.4.0.202007081208/tools/bin/../lib/gcc/arm-none-eabi/7.3.1/../../../../arm-none-eabi/lib/thumb/v7-m\libc_nano.a(lib_a-memset.o)
